Component: ARM Compiler 5.05 update 1 (build 106) Tool: armlink [4d0efa]

==============================================================================

Section Cross References

    main.o(.text) refers to _printf_pad.o(.text) for _printf_pre_padding
    main.o(.text) refers to _printf_percent.o(.ARM.Collect$$_printf_percent$$00000000) for _printf_percent
    main.o(.text) refers to _printf_x.o(.ARM.Collect$$_printf_percent$$0000000C) for _printf_x
    main.o(.text) refers to _printf_hex_int.o(.text) for _printf_longlong_hex
    main.o(.text) refers to _printf_d.o(.ARM.Collect$$_printf_percent$$00000009) for _printf_d
    main.o(.text) refers to _printf_dec.o(.text) for _printf_int_dec
    main.o(.text) refers to _printf_s.o(.ARM.Collect$$_printf_percent$$00000014) for _printf_s
    main.o(.text) refers to _printf_str.o(.text) for _printf_str
    main.o(.text) refers to oled.o(.text) for OLED_ShowCN
    main.o(.text) refers to delay.o(.text) for delay_ms
    main.o(.text) refers to rc522.o(.text) for PcdRequest
    main.o(.text) refers to noretval__2printf.o(.text) for __2printf
    main.o(.text) refers to at24cxx.o(.text) for write_more
    main.o(.text) refers to strlen.o(.text) for strlen
    main.o(.text) refers to stm32f10x_gpio.o(.text) for GPIO_SetBits
    main.o(.text) refers to main.o(.data) for CARD_ID
    main.o(.text) refers to main.o(.conststring) for .conststring
    main.o(.text) refers to stm32f10x_rcc.o(.text) for RCC_APB2PeriphClockCmd
    main.o(.text) refers to misc.o(.text) for NVIC_PriorityGroupConfig
    main.o(.text) refers to usart.o(.text) for uart_init
    system_stm32f10x.o(.text) refers to system_stm32f10x.o(.data) for SystemCoreClock
    key.o(.text) refers to stm32f10x_rcc.o(.text) for RCC_APB2PeriphClockCmd
    key.o(.text) refers to stm32f10x_gpio.o(.text) for GPIO_Init
    key.o(.text) refers to delay.o(.text) for delay_ms
    key.o(.text) refers to noretval__2printf.o(.text) for __2printf
    led.o(.text) refers to stm32f10x_rcc.o(.text) for RCC_APB2PeriphClockCmd
    led.o(.text) refers to stm32f10x_gpio.o(.text) for GPIO_Init
    oled.o(.text) refers to stm32f10x_rcc.o(.text) for RCC_APB1PeriphClockCmd
    oled.o(.text) refers to stm32f10x_gpio.o(.text) for GPIO_Init
    oled.o(.text) refers to stm32f10x_i2c.o(.text) for I2C_Init
    oled.o(.text) refers to delay.o(.text) for delay_ms
    oled.o(.text) refers to oled.o(.constdata) for F6x8
    oled.o(.text) refers to oled.o(.data) for F16x16
    stmflash.o(.text) refers to stm32f10x_flash.o(.text) for FLASH_ProgramHalfWord
    stmflash.o(.text) refers to stmflash.o(.bss) for STMFLASH_BUF
    at24cxx.o(.text) refers to stm32f10x_rcc.o(.text) for RCC_APB1PeriphClockCmd
    at24cxx.o(.text) refers to stm32f10x_gpio.o(.text) for GPIO_Init
    at24cxx.o(.text) refers to stm32f10x_i2c.o(.text) for I2C_Init
    at24cxx.o(.text) refers to noretval__2printf.o(.text) for __2printf
    spi_driver.o(.text) refers to stm32f10x_rcc.o(.text) for RCC_APB2PeriphClockCmd
    spi_driver.o(.text) refers to stm32f10x_gpio.o(.text) for GPIO_Init
    spi_driver.o(.text) refers to stm32f10x_spi.o(.text) for SPI_Init
    rc522.o(.text) refers to stm32f10x_rcc.o(.text) for RCC_APB2PeriphClockCmd
    rc522.o(.text) refers to spi_driver.o(.text) for SPI_Configuration
    rc522.o(.text) refers to delay.o(.text) for delay_ms
    rc522.o(.text) refers to stm32f10x_gpio.o(.text) for GPIO_ResetBits
    delay.o(.text) refers to misc.o(.text) for SysTick_CLKSourceConfig
    delay.o(.text) refers to system_stm32f10x.o(.data) for SystemCoreClock
    delay.o(.text) refers to delay.o(.data) for fac_us
    usart.o(.text) refers (Special) to use_no_semi_2.o(.text) for __use_no_semihosting
    usart.o(.text) refers to stm32f10x_rcc.o(.text) for RCC_APB2PeriphClockCmd
    usart.o(.text) refers to stm32f10x_gpio.o(.text) for GPIO_Init
    usart.o(.text) refers to misc.o(.text) for NVIC_Init
    usart.o(.text) refers to stm32f10x_usart.o(.text) for USART_Init
    usart.o(.bss) refers (Special) to use_no_semi_2.o(.text) for __use_no_semihosting
    usart.o(.data) refers (Special) to use_no_semi_2.o(.text) for __use_no_semihosting
    startup_stm32f10x_hd.o(STACK) refers (Special) to heapauxi.o(.text) for __use_two_region_memory
    startup_stm32f10x_hd.o(HEAP) refers (Special) to heapauxi.o(.text) for __use_two_region_memory
    startup_stm32f10x_hd.o(RESET) refers (Special) to heapauxi.o(.text) for __use_two_region_memory
    startup_stm32f10x_hd.o(RESET) refers to startup_stm32f10x_hd.o(STACK) for __initial_sp
    startup_stm32f10x_hd.o(RESET) refers to startup_stm32f10x_hd.o(.text) for Reset_Handler
    startup_stm32f10x_hd.o(RESET) refers to stm32f10x_it.o(.text) for NMI_Handler
    startup_stm32f10x_hd.o(RESET) refers to usart.o(.text) for USART1_IRQHandler
    startup_stm32f10x_hd.o(.text) refers (Special) to heapauxi.o(.text) for __use_two_region_memory
[...]
    __rtentry.o(.ARM.Collect$$rtentry$$00000000) refers (Special) to __rtentry2.o(.ARM.Collect$$rtentry$$0000000D) for __rt_entry_main
    __rtentry.o(.ARM.Collect$$rtentry$$00000000) refers (Special) to __rtentry2.o(.ARM.Collect$$rtentry$$0000000C) for __rt_entry_postli_1
    __rtentry.o(.ARM.Collect$$rtentry$$00000000) refers (Special) to __rtentry2.o(.ARM.Collect$$rtentry$$00000009) for __rt_entry_postsh_1
    __rtentry.o(.ARM.Collect$$rtentry$$00000000) refers (Special) to __rtentry2.o(.ARM.Collect$$rtentry$$00000002) for __rt_entry_presh_1
    __rtentry.o(.ARM.Collect$$rtentry$$00000000) refers (Special) to __rtentry4.o(.ARM.Collect$$rtentry$$00000004) for __rt_entry_sh
    _printf_intcommon.o(.text) refers (Weak) to _printf_pad.o(.text) for _printf_pre_padding
    _printf_intcommon.o(.text) refers (Weak) to _printf_pad.o(.text) for _printf_pre_padding
    _printf_intcommon.o(.text) refers (Weak) to _printf_pad.o(.text) for _printf_post_padding
    _printf_char.o(.text) refers (Weak) to _printf_str.o(.text) for _printf_str
    _printf_char_file.o(.text) refers to _printf_char_common.o(.text) for _printf_char_common
    _printf_char_file.o(.text) refers to ferror.o(.text) for ferror
    _printf_char_file.o(.text) refers to usart.o(.text) for fputc
    __rtentry2.o(.ARM.Collect$$rtentry$$00000008) refers to boardinit2.o(.text) for _platform_post_stackheap_init
    __rtentry2.o(.ARM.Collect$$rtentry$$0000000A) refers to libinit.o(.ARM.Collect$$libinit$$00000000) for __rt_lib_init
    __rtentry2.o(.ARM.Collect$$rtentry$$0000000B) refers to boardinit3.o(.text) for _platform_post_lib_init
    __rtentry2.o(.ARM.Collect$$rtentry$$0000000D) refers to main.o(.text) for main
    __rtentry2.o(.ARM.Collect$$rtentry$$0000000D) refers to exit.o(.text) for exit
    __rtentry2.o(.ARM.exidx) refers to __rtentry2.o(.ARM.Collect$$rtentry$$00000001) for .ARM.Collect$$rtentry$$00000001
    __rtentry2.o(.ARM.exidx) refers to __rtentry2.o(.ARM.Collect$$rtentry$$00000008) for .ARM.Collect$$rtentry$$00000008
    __rtentry2.o(.ARM.exidx) refers to __rtentry2.o(.ARM.Collect$$rtentry$$0000000A) for .ARM.Collect$$rtentry$$0000000A
    __rtentry2.o(.ARM.exidx) refers to __rtentry2.o(.ARM.Collect$$rtentry$$0000000B) for .ARM.Collect$$rtentry$$0000000B
    __rtentry2.o(.ARM.exidx) refers to __rtentry2.o(.ARM.Collect$$rtentry$$0000000D) for .ARM.Collect$$rtentry$$0000000D
    __rtentry4.o(.ARM.Collect$$rtentry$$00000004) refers to sys_stackheap_outer.o(.text) for __user_setup_stackheap
    __rtentry4.o(.ARM.exidx) refers to __rtentry4.o(.ARM.Collect$$rtentry$$00000004) for .ARM.Collect$$rtentry$$00000004
    _printf_char_common.o(.text) refers to __printf_flags_wp.o(.text) for __printf
    sys_stackheap_outer.o(.text) refers to libspace.o(.text) for __user_perproc_libspace
    sys_stackheap_outer.o(.text) refers to startup_stm32f10x_hd.o(.text) for __user_initial_stackheap
    exit.o(.text) refers to rtexit.o(.ARM.Collect$$rtexit$$00000000) for __rt_exit
    libinit.o(.ARM.Collect$$libinit$$00000000) refers (Special) to libinit2.o(.ARM.Collect$$libinit$$0000002E) for __rt_lib_init_alloca_1
    libinit.o(.ARM.Collect$$libinit$$00000000) refers (Special) to libinit2.o(.ARM.Collect$$libinit$$0000002C) for __rt_lib_init_argv_1
    libinit.o(.ARM.Collect$$libinit$$00000000) refers (Special) to libinit2.o(.ARM.Collect$$libinit$$0000001B) for __rt_lib_init_atexit_1
    libinit.o(.ARM.Collect$$libinit$$00000000) refers (Special) to libinit2.o(.ARM.Collect$$libinit$$00000021) for __rt_lib_init_clock_1
    libinit.o(.ARM.Collect$$libinit$$00000000) refers (Special) to libinit2.o(.ARM.Collect$$libinit$$00000032) for __rt_lib_init_cpp_1
    libinit.o(.ARM.Collect$$libinit$$00000000) refers (Special) to libinit2.o(.ARM.Collect$$libinit$$00000030) for __rt_lib_init_exceptions_1
    libinit.o(.ARM.Collect$$libinit$$00000000) refers (Special) to libinit2.o(.ARM.Collect$$libinit$$00000002) for __rt_lib_init_fp_1
    libinit.o(.ARM.Collect$$libinit$$00000000) refers (Special) to libinit2.o(.ARM.Collect$$libinit$$0000001F) for __rt_lib_init_fp_trap_1
    libinit.o(.ARM.Collect$$libinit$$00000000) refers (Special) to libinit2.o(.ARM.Collect$$libinit$$00000023) for __rt_lib_init_getenv_1
    libinit.o(.ARM.Collect$$libinit$$00000000) refers (Special) to libinit2.o(.ARM.Collect$$libinit$$0000000A) for __rt_lib_init_heap_1
    libinit.o(.ARM.Collect$$libinit$$00000000) refers (Special) to libinit2.o(.ARM.Collect$$libinit$$00000011) for __rt_lib_init_lc_collate_1
    libinit.o(.ARM.Collect$$libinit$$00000000) refers (Special) to libinit2.o(.ARM.Collect$$libinit$$00000013) for __rt_lib_init_lc_ctype_1
    libinit.o(.ARM.Collect$$libinit$$00000000) refers (Special) to libinit2.o(.ARM.Collect$$libinit$$00000015) for __rt_lib_init_lc_monetary_1
    libinit.o(.ARM.Collect$$libinit$$00000000) refers (Special) to libinit2.o(.ARM.Collect$$libinit$$00000017) for __rt_lib_init_lc_numeric_1
    libinit.o(.ARM.Collect$$libinit$$00000000) refers (Special) to libinit2.o(.ARM.Collect$$libinit$$00000019) for __rt_lib_init_lc_time_1
    libinit.o(.ARM.Collect$$libinit$$00000000) refers (Special) to libinit2.o(.ARM.Collect$$libinit$$00000004) for __rt_lib_init_preinit_1
    libinit.o(.ARM.Collect$$libinit$$00000000) refers (Special) to libinit2.o(.ARM.Collect$$libinit$$0000000E) for __rt_lib_init_rand_1
    libinit.o(.ARM.Collect$$libinit$$00000000) refers (Special) to libinit2.o(.ARM.Collect$$libinit$$00000033) for __rt_lib_init_return
    libinit.o(.ARM.Collect$$libinit$$00000000) refers (Special) to libinit2.o(.ARM.Collect$$libinit$$0000001D) for __rt_lib_init_signal_1
    libinit.o(.ARM.Collect$$libinit$$00000000) refers (Special) to libinit2.o(.ARM.Collect$$libinit$$00000025) for __rt_lib_init_stdio_1
    libinit.o(.ARM.Collect$$libinit$$00000000) refers (Special) to libinit2.o(.ARM.Collect$$libinit$$0000000C) for __rt_lib_init_user_alloc_1
    libspace.o(.text) refers to libspace.o(.bss) for __libspace_start
    rtexit.o(.ARM.Collect$$rtexit$$00000000) refers (Special) to rtexit2.o(.ARM.Collect$$rtexit$$00000004) for __rt_exit_exit
    rtexit.o(.ARM.Collect$$rtexit$$00000000) refers (Special) to rtexit2.o(.ARM.Collect$$rtexit$$00000003) for __rt_exit_ls
    rtexit.o(.ARM.Collect$$rtexit$$00000000) refers (Special) to rtexit2.o(.ARM.Collect$$rtexit$$00000002) for __rt_exit_prels_1
    rtexit.o(.ARM.exidx) refers (Special) to rtexit2.o(.ARM.Collect$$rtexit$$00000004) for __rt_exit_exit
    rtexit.o(.ARM.exidx) refers (Special) to rtexit2.o(.ARM.Collect$$rtexit$$00000003) for __rt_exit_ls
    rtexit.o(.ARM.exidx) refers (Special) to rtexit2.o(.ARM.Collect$$rtexit$$00000002) for __rt_exit_prels_1
    rtexit.o(.ARM.exidx) refers to rtexit.o(.ARM.Collect$$rtexit$$00000000) for .ARM.Collect$$rtexit$$00000000
    libinit2.o(.ARM.Collect$$libinit$$00000010) refers to libinit2.o(.ARM.Collect$$libinit$$0000000F) for .ARM.Collect$$libinit$$0000000F
    libinit2.o(.ARM.Collect$$libinit$$00000012) refers to libinit2.o(.ARM.Collect$$libinit$$0000000F) for .ARM.Collect$$libinit$$0000000F
    libinit2.o(.ARM.Collect$$libinit$$00000014) refers to libinit2.o(.ARM.Collect$$libinit$$0000000F) for .ARM.Collect$$libinit$$0000000F
    libinit2.o(.ARM.Collect$$libinit$$00000016) refers to libinit2.o(.ARM.Collect$$libinit$$0000000F) for .ARM.Collect$$libinit$$0000000F
    libinit2.o(.ARM.Collect$$libinit$$00000018) refers to libinit2.o(.ARM.Collect$$libinit$$0000000F) for .ARM.Collect$$libinit$$0000000F
    libinit2.o(.ARM.Collect$$libinit$$00000026) refers to argv_veneer.o(.emb_text) for __ARM_argv_veneer
    libinit2.o(.ARM.Collect$$libinit$$00000027) refers to argv_veneer.o(.emb_text) for __ARM_argv_veneer
    rtexit2.o(.ARM.Collect$$rtexit$$00000003) refers to libshutdown.o(.ARM.Collect$$libshutdown$$00000000) for __rt_lib_shutdown
    rtexit2.o(.ARM.Collect$$rtexit$$00000004) refers to usart.o(.text) for _sys_exit
    rtexit2.o(.ARM.exidx) refers to rtexit2.o(.ARM.Collect$$rtexit$$00000001) for .ARM.Collect$$rtexit$$00000001
    rtexit2.o(.ARM.exidx) refers to rtexit2.o(.ARM.Collect$$rtexit$$00000003) for .ARM.Collect$$rtexit$$00000003
    rtexit2.o(.ARM.exidx) refers to rtexit2.o(.ARM.Collect$$rtexit$$00000004) for .ARM.Collect$$rtexit$$00000004
    argv_veneer.o(.emb_text) refers to no_argv.o(.text) for __ARM_get_argv
    _get_argv_nomalloc.o(.text) refers (Special) to hrguard.o(.text) for __heap_region$guard
    _get_argv_nomalloc.o(.text) refers to defsig_rtmem_outer.o(.text) for __rt_SIGRTMEM
    _get_argv_nomalloc.o(.text) refers to sys_command.o(.text) for _sys_command_string
    libshutdown.o(.ARM.Collect$$libshutdown$$00000000) refers (Special) to libshutdown2.o(.ARM.Collect$$libshutdown$$00000006) for __rt_lib_shutdown_fp_trap_1
    libshutdown.o(.ARM.Collect$$libshutdown$$00000000) refers (Special) to libshutdown2.o(.ARM.Collect$$libshutdown$$0000000E) for __rt_lib_shutdown_heap_1
    libshutdown.o(.ARM.Collect$$libshutdown$$00000000) refers (Special) to libshutdown2.o(.ARM.Collect$$libshutdown$$0000000F) for __rt_lib_shutdown_return
    libshutdown.o(.ARM.Collect$$libshutdown$$00000000) refers (Special) to libshutdown2.o(.ARM.Collect$$libshutdown$$00000009) for __rt_lib_shutdown_signal_1
    libshutdown.o(.ARM.Collect$$libshutdown$$00000000) refers (Special) to libshutdown2.o(.ARM.Collect$$libshutdown$$00000003) for __rt_lib_shutdown_stdio_1
    libshutdown.o(.ARM.Collect$$libshutdown$$00000000) refers (Special) to libshutdown2.o(.ARM.Collect$$libshutdown$$0000000B) for __rt_lib_shutdown_user_alloc_1
    sys_command.o(.text) refers (Special) to use_no_semi.o(.text) for __I$use$semihosting
    sys_command.o(.text) refers (Special) to indicate_semi.o(.text) for __semihosting_library_function
    defsig_rtmem_outer.o(.text) refers to defsig_rtmem_inner.o(.text) for __rt_SIGRTMEM_inner
    defsig_rtmem_outer.o(.text) refers to defsig_exit.o(.text) for __sig_exit
    defsig_rtmem_formal.o(.text) refers to rt_raise.o(.text) for __rt_raise
    rt_raise.o(.text) refers to __raise.o(.text) for __raise
    rt_raise.o(.text) refers to usart.o(.text) for _sys_exit
    defsig_exit.o(.text) refers to usart.o(.text) for _sys_exit
    defsig_rtmem_inner.o(.text) refers to defsig_general.o(.text) for __default_signal_display
    __raise.o(.text) refers to defsig.o(CL$$defsig) for __default_signal_handler
    defsig_general.o(.text) refers to sys_wrch.o(.text) for _ttywrch
    sys_wrch.o(.text) refers (Special) to use_no_semi.o(.text) for __I$use$semihosting
    sys_wrch.o(.text) refers (Special) to indicate_semi.o(.text) for __semihosting_library_function
    defsig.o(CL$$defsig) refers to defsig_rtmem_inner.o(.text) for __rt_SIGRTMEM_inner
    defsig_abrt_inner.o(.text) refers to defsig_general.o(.text) for __default_signal_display
    defsig_fpe_inner.o(.text) refers to defsig_general.o(.text) for __default_signal_display
    defsig_rtred_inner.o(.text) refers to defsig_general.o(.text) for __default_signal_display
    defsig_stak_inner.o(.text) refers to defsig_general.o(.text) for __default_signal_display
    defsig_pvfn_inner.o(.text) refers to defsig_general.o(.text) for __default_signal_display
    defsig_cppl_inner.o(.text) refers to defsig_general.o(.text) for __default_signal_display
    defsig_segv_inner.o(.text) refers to defsig_general.o(.text) for __default_signal_display
    defsig_other.o(.text) refers to defsig_general.o(.text) for __default_signal_display


==============================================================================

Removing Unused input sections from the image.

    Removing key.o(.text), (740 bytes).
    Removing stm32f10x_flash.o(.text), (1468 bytes).
    Removing led.o(.text), (148 bytes).
    Removing stmflash.o(.text), (324 bytes).
    Removing stmflash.o(.bss), (2048 bytes).
    Removing sys.o(.emb_text), (6 bytes).
    Removing sys.o(.text), (12 bytes).
    Removing usart.o(.bss), (200 bytes).
    Removing core_cm3.o(.emb_text), (32 bytes).

9 unused section(s) (total 4978 bytes) removed from the image.

==============================================================================

Image Symbol Table

    Local Symbols

    Symbol Name                              Value     Ov Type        Size  Object(Section)

    ../clib/angel/boardlib.s                 0x00000000   Number         0  boardinit1.o ABSOLUTE
    ../clib/angel/boardlib.s                 0x00000000   Number         0  boardinit2.o ABSOLUTE
    ../clib/angel/boardlib.s                 0x00000000   Number         0  boardinit3.o ABSOLUTE
    ../clib/angel/boardlib.s                 0x00000000   Number         0  boardshut.o ABSOLUTE
    ../clib/angel/dclz77c.s                  0x00000000   Number         0  __dclz77c.o ABSOLUTE
    ../clib/angel/handlers.s                 0x00000000   Number         0  __scatter_zi.o ABSOLUTE
    ../clib/angel/kernel.s                   0x00000000   Number         0  __rtentry2.o ABSOLUTE
    ../clib/angel/kernel.s                   0x00000000   Number         0  __rtentry4.o ABSOLUTE
    ../clib/angel/kernel.s                   0x00000000   Number         0  rtexit2.o ABSOLUTE
    ../clib/angel/kernel.s                   0x00000000   Number         0  rtexit.o ABSOLUTE
    ../clib/angel/kernel.s                   0x00000000   Number         0  __rtentry.o ABSOLUTE
    ../clib/angel/rt.s                       0x00000000   Number         0  rt_raise.o ABSOLUTE
    ../clib/angel/scatter.s                  0x00000000   Number         0  __scatter.o ABSOLUTE
    ../clib/angel/startup.s                  0x00000000   Number         0  __main.o ABSOLUTE
    ../clib/angel/sys.s                      0x00000000   Number         0  indicate_semi.o ABSOLUTE
    ../clib/angel/sys.s                      0x00000000   Number         0  sys_stackheap_outer.o ABSOLUTE
    ../clib/angel/sys.s                      0x00000000   Number         0  use_no_semi_2.o ABSOLUTE
    ../clib/angel/sys.s                      0x00000000   Number         0  libspace.o ABSOLUTE
    ../clib/angel/sys.s                      0x00000000   Number         0  use_no_semi.o ABSOLUTE
    ../clib/angel/sysapp.c                   0x00000000   Number         0  sys_command.o ABSOLUTE
    ../clib/angel/sysapp.c                   0x00000000   Number         0  sys_wrch.o ABSOLUTE
    ../clib/armsys.c                         0x00000000   Number         0  no_argv.o ABSOLUTE
    ../clib/armsys.c                         0x00000000   Number         0  _get_argv_nomalloc.o ABSOLUTE
    ../clib/armsys.c                         0x00000000   Number         0  argv_veneer.o ABSOLUTE
    ../clib/armsys.c                         0x00000000   Number         0  argv_veneer.o ABSOLUTE
    ../clib/heapalloc.c                      0x00000000   Number         0  hrguard.o ABSOLUTE
    ../clib/heapaux.c                        0x00000000   Number         0  heapauxi.o ABSOLUTE
    ../clib/libinit.s                        0x00000000   Number         0  libinit.o ABSOLUTE
    ../clib/libinit.s                        0x00000000   Number         0  libshutdown.o ABSOLUTE
    ../clib/libinit.s                        0x00000000   Number         0  libinit2.o ABSOLUTE
    ../clib/libinit.s                        0x00000000   Number         0  libshutdown2.o ABSOLUTE
    ../clib/misc.s                           0x00000000   Number         0  printf_stubs.o ABSOLUTE
    ../clib/printf.c                         0x00000000   Number         0  noretval__2printf.o ABSOLUTE
    ../clib/printf.c                         0x00000000   Number         0  __printf.o ABSOLUTE
    ../clib/printf.c                         0x00000000   Number         0  _printf_pad.o ABSOLUTE
    ../clib/printf.c                         0x00000000   Number         0  __printf_nopercent.o ABSOLUTE
    ../clib/printf.c                         0x00000000   Number         0  _printf_str.o ABSOLUTE
    ../clib/printf.c                         0x00000000   Number         0  _printf_dec.o ABSOLUTE
    ../clib/printf.c                         0x00000000   Number         0  _printf_hex_ll.o ABSOLUTE
    ../clib/printf.c                         0x00000000   Number         0  _printf_hex_int.o ABSOLUTE
    ../clib/printf.c                         0x00000000   Number         0  _printf_char_common.o ABSOLUTE
    ../clib/printf.c                         0x00000000   Number         0  _printf_hex_int_ll.o ABSOLUTE
    ../clib/printf.c                         0x00000000   Number         0  _printf_hex_ptr.o ABSOLUTE
    ../clib/printf.c                         0x00000000   Number         0  _printf_hex_int_ptr.o ABSOLUTE
    ../clib/printf.c                         0x00000000   Number         0  _printf_hex_ll_ptr.o ABSOLUTE
    ../clib/printf.c                         0x00000000   Number         0  _printf_hex_int_ll_ptr.o ABSOLUTE
    ../clib/printf.c                         0x00000000   Number         0  __printf_flags.o ABSOLUTE
    ../clib/printf.c                         0x00000000   Number         0  __printf_ss.o ABSOLUTE
    ../clib/printf.c                         0x00000000   Number         0  __printf_flags_ss.o ABSOLUTE
    ../clib/printf.c                         0x00000000   Number         0  __printf_wp.o ABSOLUTE
    ../clib/printf.c                         0x00000000   Number         0  __printf_flags_wp.o ABSOLUTE
    ../clib/printf.c                         0x00000000   Number         0  _printf_char.o ABSOLUTE
    ../clib/printf.c                         0x00000000   Number         0  _printf_intcommon.o ABSOLUTE
    ../clib/printf.c                         0x00000000   Number         0  __printf_ss_wp.o ABSOLUTE
    ../clib/printf.c                         0x00000000   Number         0  __printf_flags_ss_wp.o ABSOLUTE
    ../clib/printf.c                         0x00000000   Number         0  _printf_char_file.o ABSOLUTE
    ../clib/printf.c                         0x00000000   Number         0  __2printf.o ABSOLUTE
    ../clib/printf_percent.s                 0x00000000   Number         0  _printf_percent.o ABSOLUTE
    ../clib/printf_percent.s                 0x00000000   Number         0  _printf_percent_end.o ABSOLUTE
    ../clib/printf_percent.s                 0x00000000   Number         0  _printf_d.o ABSOLUTE
    ../clib/printf_percent.s                 0x00000000   Number         0  _printf_s.o ABSOLUTE
    ../clib/printf_percent.s                 0x00000000   Number         0  _printf_x.o ABSOLUTE
    ../clib/signal.c                         0x00000000   Number         0  defsig_stak_inner.o ABSOLUTE
    ../clib/signal.c                         0x00000000   Number         0  defsig_rtmem_outer.o ABSOLUTE
    ../clib/signal.c                         0x00000000   Number         0  defsig_abrt_inner.o ABSOLUTE
    ../clib/signal.c                         0x00000000   Number         0  defsig_other.o ABSOLUTE
    ../clib/signal.c                         0x00000000   Number         0  defsig_segv_inner.o ABSOLUTE
    ../clib/signal.c                         0x00000000   Number         0  defsig_rtmem_formal.o ABSOLUTE
    ../clib/signal.c                         0x00000000   Number         0  defsig_cppl_inner.o ABSOLUTE
    ../clib/signal.c                         0x00000000   Number         0  defsig_exit.o ABSOLUTE
    ../clib/signal.c                         0x00000000   Number         0  defsig_pvfn_inner.o ABSOLUTE
    ../clib/signal.c                         0x00000000   Number         0  defsig_rtred_inner.o ABSOLUTE
    ../clib/signal.c                         0x00000000   Number         0  defsig_fpe_inner.o ABSOLUTE
    ../clib/signal.c                         0x00000000   Number         0  defsig_rtmem_inner.o ABSOLUTE
    ../clib/signal.c                         0x00000000   Number         0  defsig_general.o ABSOLUTE
    ../clib/signal.c                         0x00000000   Number         0  __raise.o ABSOLUTE
    ../clib/signal.s                         0x00000000   Number         0  defsig.o ABSOLUTE
    ../clib/stdio.c                          0x00000000   Number         0  ferror_locked.o ABSOLUTE
    ../clib/stdio.c                          0x00000000   Number         0  ferror.o ABSOLUTE
    ../clib/stdlib.c                         0x00000000   Number         0  exit.o ABSOLUTE
    ../clib/string.c                         0x00000000   Number         0  strlen.o ABSOLUTE
    ../fplib/fpinit.s                        0x00000000   Number         0  fpinit.o ABSOLUTE
    ..\CORE\core_cm3.c                       0x00000000   Number         0  core_cm3.o ABSOLUTE
    ..\CORE\startup_stm32f10x_hd.s           0x00000000   Number         0  startup_stm32f10x_hd.o ABSOLUTE
    ..\HARDWARE\AT24CXX\AT24CXX.c            0x00000000   Number         0  at24cxx.o ABSOLUTE
    ..\HARDWARE\KEY\key.c                    0x00000000   Number         0  key.o ABSOLUTE
    ..\HARDWARE\LED\led.c                    0x00000000   Number         0  led.o ABSOLUTE
    ..\HARDWARE\OLED\oled.c                  0x00000000   Number         0  oled.o ABSOLUTE
    ..\HARDWARE\RC522\RC522.c                0x00000000   Number         0  rc522.o ABSOLUTE
    ..\HARDWARE\SPI\spi_driver.c             0x00000000   Number         0  spi_driver.o ABSOLUTE
    ..\HARDWARE\STMFLASH\stmflash.c          0x00000000   Number         0  stmflash.o ABSOLUTE
    ..\STM32F10x_FWLib\src\misc.c            0x00000000   Number         0  misc.o ABSOLUTE
    ..\STM32F10x_FWLib\src\stm32f10x_flash.c 0x00000000   Number         0  stm32f10x_flash.o ABSOLUTE
    ..\STM32F10x_FWLib\src\stm32f10x_gpio.c  0x00000000   Number         0  stm32f10x_gpio.o ABSOLUTE
    ..\STM32F10x_FWLib\src\stm32f10x_i2c.c   0x00000000   Number         0  stm32f10x_i2c.o ABSOLUTE
    ..\STM32F10x_FWLib\src\stm32f10x_rcc.c   0x00000000   Number         0  stm32f10x_rcc.o ABSOLUTE
    ..\STM32F10x_FWLib\src\stm32f10x_spi.c   0x00000000   Number         0  stm32f10x_spi.o ABSOLUTE
    ..\STM32F10x_FWLib\src\stm32f10x_usart.c 0x00000000   Number         0  stm32f10x_usart.o ABSOLUTE
    ..\SYSTEM\delay\delay.c                  0x00000000   Number         0  delay.o ABSOLUTE
    ..\SYSTEM\sys\sys.c                      0x00000000   Number         0  sys.o ABSOLUTE
    ..\SYSTEM\usart\usart.c                  0x00000000   Number         0  usart.o ABSOLUTE
    ..\\CORE\\core_cm3.c                     0x00000000   Number         0  core_cm3.o ABSOLUTE
    ..\\SYSTEM\\sys\\sys.c                   0x00000000   Number         0  sys.o ABSOLUTE
    dc.s                                     0x00000000   Number         0  dc.o ABSOLUTE
    main.c                                   0x00000000   Number         0  main.o ABSOLUTE
    stm32f10x_it.c                           0x00000000   Number         0  stm32f10x_it.o ABSOLUTE
    system_stm32f10x.c                       0x00000000   Number         0  system_stm32f10x.o ABSOLUTE
    RESET                                    0x08000000   Section      304  startup_stm32f10x_hd.o(RESET)
    !!!main                                  0x08000130   Section        8  __main.o(!!!main)
    !!!scatter                               0x08000138   Section       52  __scatter.o(!!!scatter)
    !!dclz77c                                0x0800016c   Section      100  __dclz77c.o(!!dclz77c)
    !!handler_zi                             0x080001d0   Section       28  __scatter_zi.o(!!handler_zi)
    .ARM.Collect$$_printf_percent$$00000000  0x080001ec   Section        0  _printf_percent.o(.ARM.Collect$$_printf_percent$$00000000)
    .ARM.Collect$$_printf_percent$$00000009  0x080001ec   Section        6  _printf_d.o(.ARM.Collect$$_printf_percent$$00000009)
    .ARM.Collect$$_printf_percent$$0000000C  0x080001f2   Section        6  _printf_x.o(.ARM.Collect$$_printf_percent$$0000000C)
    .ARM.Collect$$_printf_percent$$00000014  0x080001f8   Section        6  _printf_s.o(.ARM.Collect$$_printf_percent$$00000014)
    .ARM.Collect$$_printf_percent$$00000017  0x080001fe   Section        4  _printf_percent_end.o(.ARM.Collect$$_printf_percent$$00000017)
    .ARM.Collect$$libinit$$00000000          0x08000202   Section        2  libinit.o(.ARM.Collect$$libinit$$00000000)
    .ARM.Collect$$libinit$$00000002          0x08000204   Section        0  libinit2.o(.ARM.Collect$$libinit$$00000002)
    .ARM.Collect$$libinit$$00000004          0x08000204   Section        0  libinit2.o(.ARM.Collect$$libinit$$00000004)
    .ARM.Collect$$libinit$$0000000A          0x08000204   Section        0  libinit2.o(.ARM.Collect$$libinit$$0000000A)
    .ARM.Collect$$libinit$$0000000C          0x08000204   Section        0  libinit2.o(.ARM.Collect$$libinit$$0000000C)
    .ARM.Collect$$libinit$$0000000E          0x08000204   Section        0  libinit2.o(.ARM.Collect$$libinit$$0000000E)
    .ARM.Collect$$libinit$$00000011          0x08000204   Section        0  libinit2.o(.ARM.Collect$$libinit$$00000011)
    .ARM.Collect$$libinit$$00000013          0x08000204   Section        0  libinit2.o(.ARM.Collect$$libinit$$00000013)
    .ARM.Collect$$libinit$$00000015          0x08000204   Section        0  libinit2.o(.ARM.Collect$$libinit$$00000015)
    .ARM.Collect$$libinit$$00000017          0x08000204   Section        0  libinit2.o(.ARM.Collect$$libinit$$00000017)
    .ARM.Collect$$libinit$$00000019          0x08000204   Section        0  libinit2.o(.ARM.Collect$$libinit$$00000019)
    .ARM.Collect$$libinit$$0000001B          0x08000204   Section        0  libinit2.o(.ARM.Collect$$libinit$$0000001B)
    .ARM.Collect$$libinit$$0000001D          0x08000204   Section        0  libinit2.o(.ARM.Collect$$libinit$$0000001D)
    .ARM.Collect$$libinit$$0000001F          0x08000204   Section        0  libinit2.o(.ARM.Collect$$libinit$$0000001F)
    .ARM.Collect$$libinit$$00000021          0x08000204   Section        0  libinit2.o(.ARM.Collect$$libinit$$00000021)
    .ARM.Collect$$libinit$$00000023          0x08000204   Section        0  libinit2.o(.ARM.Collect$$libinit$$00000023)
    .ARM.Collect$$libinit$$00000025          0x08000204   Section        0  libinit2.o(.ARM.Collect$$libinit$$00000025)
    .ARM.Collect$$libinit$$0000002C          0x08000204   Section        0  libinit2.o(.ARM.Collect$$libinit$$0000002C)
    .ARM.Collect$$libinit$$0000002E          0x08000204   Section        0  libinit2.o(.ARM.Collect$$libinit$$0000002E)
    .ARM.Collect$$libinit$$00000030          0x08000204   Section        0  libinit2.o(.ARM.Collect$$libinit$$00000030)
    .ARM.Collect$$libinit$$00000032          0x08000204   Section        0  libinit2.o(.ARM.Collect$$libinit$$00000032)
    .ARM.Collect$$libinit$$00000033          0x08000204   Section        2  libinit2.o(.ARM.Collect$$libinit$$00000033)
    .ARM.Collect$$libshutdown$$00000000      0x08000206   Section        2  libshutdown.o(.ARM.Collect$$libshutdown$$00000000)
    .ARM.Collect$$libshutdown$$00000003      0x08000208   Section        0  libshutdown2.o(.ARM.Collect$$libshutdown$$00000003)
    .ARM.Collect$$libshutdown$$00000006      0x08000208   Section        0  libshutdown2.o(.ARM.Collect$$libshutdown$$00000006)
    .ARM.Collect$$libshutdown$$00000009      0x08000208   Section        0  libshutdown2.o(.ARM.Collect$$libshutdown$$00000009)
    .ARM.Collect$$libshutdown$$0000000B      0x08000208   Section        0  libshutdown2.o(.ARM.Collect$$libshutdown$$0000000B)
    .ARM.Collect$$libshutdown$$0000000E      0x08000208   Section        0  libshutdown2.o(.ARM.Collect$$libshutdown$$0000000E)
    .ARM.Collect$$libshutdown$$0000000F      0x08000208   Section        2  libshutdown2.o(.ARM.Collect$$libshutdown$$0000000F)
    .ARM.Collect$$rtentry$$00000000          0x0800020a   Section        0  __rtentry.o(.ARM.Collect$$rtentry$$00000000)
    .ARM.Collect$$rtentry$$00000002          0x0800020a   Section        0  __rtentry2.o(.ARM.Collect$$rtentry$$00000002)
    .ARM.Collect$$rtentry$$00000004          0x0800020a   Section        6  __rtentry4.o(.ARM.Collect$$rtentry$$00000004)
    .ARM.Collect$$rtentry$$00000009          0x08000210   Section        0  __rtentry2.o(.ARM.Collect$$rtentry$$00000009)
    .ARM.Collect$$rtentry$$0000000A          0x08000210   Section        4  __rtentry2.o(.ARM.Collect$$rtentry$$0000000A)
    .ARM.Collect$$rtentry$$0000000C          0x08000214   Section        0  __rtentry2.o(.ARM.Collect$$rtentry$$0000000C)
    .ARM.Collect$$rtentry$$0000000D          0x08000214   Section        8  __rtentry2.o(.ARM.Collect$$rtentry$$0000000D)
    .ARM.Collect$$rtexit$$00000000           0x0800021c   Section        2  rtexit.o(.ARM.Collect$$rtexit$$00000000)
    .ARM.Collect$$rtexit$$00000002           0x0800021e   Section        0  rtexit2.o(.ARM.Collect$$rtexit$$00000002)
    .ARM.Collect$$rtexit$$00000003           0x0800021e   Section        4  rtexit2.o(.ARM.Collect$$rtexit$$00000003)
    .ARM.Collect$$rtexit$$00000004           0x08000222   Section        6  rtexit2.o(.ARM.Collect$$rtexit$$00000004)
    .text                                    0x08000228   Section        0  main.o(.text)
    KEY_Scan                                 0x08000843   Thumb Code   768  main.o(.text)
    .text                                    0x080016d4   Section        0  stm32f10x_it.o(.text)
    .text                                    0x080016f0   Section        0  system_stm32f10x.o(.text)
    SetSysClockTo72                          0x080016f1   Thumb Code   214  system_stm32f10x.o(.text)
    SetSysClock                              0x080017c7   Thumb Code     8  system_stm32f10x.o(.text)
    .text                                    0x080018d0   Section        0  oled.o(.text)
    .text                                    0x08001cf8   Section        0  at24cxx.o(.text)
    .text                                    0x08001fb0   Section        0  spi_driver.o(.text)
    SPI_RCC_Configuration                    0x08001fb1   Thumb Code    40  spi_driver.o(.text)
    SPI_GPIO_Configuration                   0x08001fd9   Thumb Code   126  spi_driver.o(.text)
    .text                                    0x0800220c   Section        0  rc522.o(.text)
    .text                                    0x080029c4   Section        0  delay.o(.text)
    .text                                    0x08002a98   Section        0  usart.o(.text)
    .text                                    0x08002b70   Section       64  startup_stm32f10x_hd.o(.text)
    .text                                    0x08002bb0   Section        0  stm32f10x_gpio.o(.text)
    .text                                    0x08002f0c   Section        0  stm32f10x_rcc.o(.text)
    .text                                    0x080032b0   Section        0  stm32f10x_usart.o(.text)
    .text                                    0x080036b8   Section        0  misc.o(.text)
    .text                                    0x08003794   Section        0  stm32f10x_i2c.o(.text)
    .text                                    0x08003b98   Section        0  stm32f10x_spi.o(.text)
    .text                                    0x08003ea4   Section        2  use_no_semi_2.o(.text)
    .text                                    0x08003ea8   Section        0  noretval__2printf.o(.text)
    .text                                    0x08003ec0   Section        0  _printf_pad.o(.text)
    .text                                    0x08003f0e   Section        0  _printf_str.o(.text)
    .text                                    0x08003f60   Section        0  _printf_dec.o(.text)
    .text                                    0x08003fd8   Section        0  _printf_hex_int.o(.text)
    .text                                    0x08004030   Section        0  __printf_flags_wp.o(.text)
    .text                                    0x08004168   Section        0  strlen.o(.text)
    .text                                    0x080041a6   Section        0  heapauxi.o(.text)
    .text                                    0x080041ac   Section        2  use_no_semi.o(.text)
    .text                                    0x080041ae   Section        0  _printf_intcommon.o(.text)
    .text                                    0x08004260   Section        0  _printf_char.o(.text)
    .text                                    0x0800428c   Section        0  _printf_char_file.o(.text)
    .text                                    0x080042b0   Section        0  _printf_char_common.o(.text)
    _printf_input_char                       0x080042b1   Thumb Code    10  _printf_char_common.o(.text)
    .text                                    0x080042e0   Section        0  ferror.o(.text)
    .text                                    0x080042e8   Section       74  sys_stackheap_outer.o(.text)
    .text                                    0x08004332   Section        0  exit.o(.text)
    .text                                    0x08004340   Section        8  libspace.o(.text)
    i._is_digit                              0x08004348   Section        0  __printf_wp.o(i._is_digit)
    .constdata                               0x08004356   Section     2072  oled.o(.constdata)
    .constdata                               0x08004b6e   Section       40  _printf_hex_int.o(.constdata)
    uc_hextab                                0x08004b6e   Data          20  _printf_hex_int.o(.constdata)
    lc_hextab                                0x08004b82   Data          20  _printf_hex_int.o(.constdata)
    .constdata                               0x08004b96   Section       17  __printf_flags_wp.o(.constdata)
    maptable                                 0x08004b96   Data          17  __printf_flags_wp.o(.constdata)
    .conststring                             0x08004ba8   Section       68  main.o(.conststring)
    .data                                    0x20000000   Section       26  main.o(.data)
    key_flag1                                0x20000016   Data           1  main.o(.data)
    key_flag2                                0x20000017   Data           1  main.o(.data)
    key_flag3                                0x20000018   Data           1  main.o(.data)
    key_flag4                                0x20000019   Data           1  main.o(.data)
    .data                                    0x2000001c   Section       20  system_stm32f10x.o(.data)
    .data                                    0x20000030   Section     2016  oled.o(.data)
    .data                                    0x20000810   Section        4  delay.o(.data)
    fac_us                                   0x20000810   Data           1  delay.o(.data)
    fac_ms                                   0x20000812   Data           2  delay.o(.data)
    .data                                    0x20000814   Section        6  usart.o(.data)
    .data                                    0x2000081a   Section       20  stm32f10x_rcc.o(.data)
    APBAHBPrescTable                         0x2000081a   Data          16  stm32f10x_rcc.o(.data)
    ADCPrescTable                            0x2000082a   Data           4  stm32f10x_rcc.o(.data)
    .bss                                     0x20000830   Section       96  libspace.o(.bss)
    HEAP                                     0x20000890   Section      512  startup_stm32f10x_hd.o(HEAP)
    Heap_Mem                                 0x20000890   Data         512  startup_stm32f10x_hd.o(HEAP)
    STACK                                    0x20000a90   Section     1024  startup_stm32f10x_hd.o(STACK)
    Stack_Mem                                0x20000a90   Data        1024  startup_stm32f10x_hd.o(STACK)
    __initial_sp                             0x20000e90   Data           0  startup_stm32f10x_hd.o(STACK)

    Global Symbols

    Symbol Name                              Value     Ov Type        Size  Object(Section)

    BuildAttributes$$THM_ISAv4$P$D$K$B$S$PE$A:L22UL41UL21$X:L11$S22US41US21$IEEE1$IW$USESV6$~STKCKD$USESV7$~SHL$OSPACE$ROPI$EBA8$UX$STANDARDLIB$REQ8$PRES8$EABIv2 0x00000000   Number         0  anon$$obj.o ABSOLUTE
    __ARM_use_no_argv                        0x00000000   Number         0  main.o ABSOLUTE
    _printf_flags                            0x00000000   Number         0  printf_stubs.o ABSOLUTE
    _printf_return_value                     0x00000000   Number         0  printf_stubs.o ABSOLUTE
    _printf_sizespec                         0x00000000   Number         0  printf_stubs.o ABSOLUTE
    _printf_widthprec                        0x00000000   Number         0  printf_stubs.o ABSOLUTE
    __ARM_exceptions_init                     - Undefined Weak Reference
    __alloca_initialize                       - Undefined Weak Reference
    __arm_preinit_                            - Undefined Weak Reference
    __cpp_initialize__aeabi_                  - Undefined Weak Reference
    __cxa_finalize                            - Undefined Weak Reference
    __rt_locale                               - Undefined Weak Reference
    __sigvec_lookup                           - Undefined Weak Reference
    _atexit_init                              - Undefined Weak Reference
    _call_atexit_fns                          - Undefined Weak Reference
    _clock_init                               - Undefined Weak Reference
    _fp_trap_init                             - Undefined Weak Reference
    _fp_trap_shutdown                         - Undefined Weak Reference
    _get_lc_collate                           - Undefined Weak Reference
    _get_lc_ctype                             - Undefined Weak Reference
    _get_lc_monetary                          - Undefined Weak Reference
    _get_lc_numeric                           - Undefined Weak Reference
    _get_lc_time                              - Undefined Weak Reference
    _getenv_init                              - Undefined Weak Reference
    _handle_redirection                       - Undefined Weak Reference
    _init_alloc                               - Undefined Weak Reference
    _init_user_alloc                          - Undefined Weak Reference
    _initio                                   - Undefined Weak Reference
    _mutex_acquire                            - Undefined Weak Reference
    _mutex_release                            - Undefined Weak Reference
    _printf_mbtowc                            - Undefined Weak Reference
    _printf_truncate_signed                   - Undefined Weak Reference
    _printf_truncate_unsigned                 - Undefined Weak Reference
    _rand_init                                - Undefined Weak Reference
    _signal_finish                            - Undefined Weak Reference
    _signal_init                              - Undefined Weak Reference
    _terminate_alloc                          - Undefined Weak Reference
    _terminate_user_alloc                     - Undefined Weak Reference
    _terminateio                              - Undefined Weak Reference
    __Vectors_Size                           0x00000130   Number         0  startup_stm32f10x_hd.o ABSOLUTE
    __Vectors                                0x08000000   Data           4  startup_stm32f10x_hd.o(RESET)
    __Vectors_End                            0x08000130   Data           0  startup_stm32f10x_hd.o(RESET)
    __main                                   0x08000131   Thumb Code     8  __main.o(!!!main)
    __scatterload                            0x08000139   Thumb Code     0  __scatter.o(!!!scatter)
    __scatterload_rt2                        0x08000139   Thumb Code    44  __scatter.o(!!!scatter)
    __scatterload_rt2_thumb_only             0x08000139   Thumb Code     0  __scatter.o(!!!scatter)
    __scatterload_null                       0x08000147   Thumb Code     0  __scatter.o(!!!scatter)
    __decompress                             0x0800016d   Thumb Code   100  __dclz77c.o(!!dclz77c)
    __decompress2                            0x0800016d   Thumb Code     0  __dclz77c.o(!!dclz77c)
    __scatterload_zeroinit                   0x080001d1   Thumb Code    28  __scatter_zi.o(!!handler_zi)
    _printf_d                                0x080001ed   Thumb Code     0  _printf_d.o(.ARM.Collect$$_printf_percent$$00000009)
    _printf_percent                          0x080001ed   Thumb Code     0  _printf_percent.o(.ARM.Collect$$_printf_percent$$00000000)
    _printf_x                                0x080001f3   Thumb Code     0  _printf_x.o(.ARM.Collect$$_printf_percent$$0000000C)
    _printf_s                                0x080001f9   Thumb Code     0  _printf_s.o(.ARM.Collect$$_printf_percent$$00000014)
    _printf_percent_end                      0x080001ff   Thumb Code     0  _printf_percent_end.o(.ARM.Collect$$_printf_percent$$00000017)
    __rt_lib_init                            0x08000203   Thumb Code     0  libinit.o(.ARM.Collect$$libinit$$00000000)
    __rt_lib_init_alloca_1                   0x08000205   Thumb Code     0  libinit2.o(.ARM.Collect$$libinit$$0000002E)
    __rt_lib_init_argv_1                     0x08000205   Thumb Code     0  libinit2.o(.ARM.Collect$$libinit$$0000002C)
    __rt_lib_init_atexit_1                   0x08000205   Thumb Code     0  libinit2.o(.ARM.Collect$$libinit$$0000001B)
    __rt_lib_init_clock_1                    0x08000205   Thumb Code     0  libinit2.o(.ARM.Collect$$libinit$$00000021)
    __rt_lib_init_cpp_1                      0x08000205   Thumb Code     0  libinit2.o(.ARM.Collect$$libinit$$00000032)
    __rt_lib_init_exceptions_1               0x08000205   Thumb Code     0  libinit2.o(.ARM.Collect$$libinit$$00000030)
    __rt_lib_init_fp_1                       0x08000205   Thumb Code     0  libinit2.o(.ARM.Collect$$libinit$$00000002)
    __rt_lib_init_fp_trap_1                  0x08000205   Thumb Code     0  libinit2.o(.ARM.Collect$$libinit$$0000001F)
    __rt_lib_init_getenv_1                   0x08000205   Thumb Code     0  libinit2.o(.ARM.Collect$$libinit$$00000023)
    __rt_lib_init_heap_1                     0x08000205   Thumb Code     0  libinit2.o(.ARM.Collect$$libinit$$0000000A)
    __rt_lib_init_lc_collate_1               0x08000205   Thumb Code     0  libinit2.o(.ARM.Collect$$libinit$$00000011)
    __rt_lib_init_lc_ctype_1                 0x08000205   Thumb Code     0  libinit2.o(.ARM.Collect$$libinit$$00000013)
    __rt_lib_init_lc_monetary_1              0x08000205   Thumb Code     0  libinit2.o(.ARM.Collect$$libinit$$00000015)
    __rt_lib_init_lc_numeric_1               0x08000205   Thumb Code     0  libinit2.o(.ARM.Collect$$libinit$$00000017)
    __rt_lib_init_lc_time_1                  0x08000205   Thumb Code     0  libinit2.o(.ARM.Collect$$libinit$$00000019)
    __rt_lib_init_preinit_1                  0x08000205   Thumb Code     0  libinit2.o(.ARM.Collect$$libinit$$00000004)
    __rt_lib_init_rand_1                     0x08000205   Thumb Code     0  libinit2.o(.ARM.Collect$$libinit$$0000000E)
    __rt_lib_init_return                     0x08000205   Thumb Code     0  libinit2.o(.ARM.Collect$$libinit$$00000033)
    __rt_lib_init_signal_1                   0x08000205   Thumb Code     0  libinit2.o(.ARM.Collect$$libinit$$0000001D)
    __rt_lib_init_stdio_1                    0x08000205   Thumb Code     0  libinit2.o(.ARM.Collect$$libinit$$00000025)
    __rt_lib_init_user_alloc_1               0x08000205   Thumb Code     0  libinit2.o(.ARM.Collect$$libinit$$0000000C)
    __rt_lib_shutdown                        0x08000207   Thumb Code     0  libshutdown.o(.ARM.Collect$$libshutdown$$00000000)
    __rt_lib_shutdown_fp_trap_1              0x08000209   Thumb Code     0  libshutdown2.o(.ARM.Collect$$libshutdown$$00000006)
    __rt_lib_shutdown_heap_1                 0x08000209   Thumb Code     0  libshutdown2.o(.ARM.Collect$$libshutdown$$0000000E)
    __rt_lib_shutdown_return                 0x08000209   Thumb Code     0  libshutdown2.o(.ARM.Collect$$libshutdown$$0000000F)
    __rt_lib_shutdown_signal_1               0x08000209   Thumb Code     0  libshutdown2.o(.ARM.Collect$$libshutdown$$00000009)
    __rt_lib_shutdown_stdio_1                0x08000209   Thumb Code     0  libshutdown2.o(.ARM.Collect$$libshutdown$$00000003)
    __rt_lib_shutdown_user_alloc_1           0x08000209   Thumb Code     0  libshutdown2.o(.ARM.Collect$$libshutdown$$0000000B)
    __rt_entry                               0x0800020b   Thumb Code     0  __rtentry.o(.ARM.Collect$$rtentry$$00000000)
    __rt_entry_presh_1                       0x0800020b   Thumb Code     0  __rtentry2.o(.ARM.Collect$$rtentry$$00000002)
    __rt_entry_sh                            0x0800020b   Thumb Code     0  __rtentry4.o(.ARM.Collect$$rtentry$$00000004)
    __rt_entry_li                            0x08000211   Thumb Code     0  __rtentry2.o(.ARM.Collect$$rtentry$$0000000A)
    __rt_entry_postsh_1                      0x08000211   Thumb Code     0  __rtentry2.o(.ARM.Collect$$rtentry$$00000009)
    __rt_entry_main                          0x08000215   Thumb Code     0  __rtentry2.o(.ARM.Collect$$rtentry$$0000000D)
    __rt_entry_postli_1                      0x08000215   Thumb Code     0  __rtentry2.o(.ARM.Collect$$rtentry$$0000000C)
    __rt_exit                                0x0800021d   Thumb Code     0  rtexit.o(.ARM.Collect$$rtexit$$00000000)
    __rt_exit_ls                             0x0800021f   Thumb Code     0  rtexit2.o(.ARM.Collect$$rtexit$$00000003)
    __rt_exit_prels_1                        0x0800021f   Thumb Code     0  rtexit2.o(.ARM.Collect$$rtexit$$00000002)
    __rt_exit_exit                           0x08000223   Thumb Code     0  rtexit2.o(.ARM.Collect$$rtexit$$00000004)
    cmp                                      0x08000229   Thumb Code    34  main.o(.text)
    new_card                                 0x0800024b   Thumb Code   568  main.o(.text)
    login_by_card                            0x08000483   Thumb Code   960  main.o(.text)
    login_lock                               0x08000b43   Thumb Code   748  main.o(.text)
    set_newkey                               0x08000e2f   Thumb Code   266  main.o(.text)
    new_login                                0x08000f39   Thumb Code   574  main.o(.text)
    change_keyword                           0x08001177   Thumb Code   616  main.o(.text)
    Bee_Init                                 0x080013df   Thumb Code    46  main.o(.text)
    KEY_Init1                                0x0800140d   Thumb Code    68  main.o(.text)
    main                                     0x08001451   Thumb Code   636  main.o(.text)
    NMI_Handler                              0x080016d5   Thumb Code     2  stm32f10x_it.o(.text)
    HardFault_Handler                        0x080016d7   Thumb Code     4  stm32f10x_it.o(.text)
    MemManage_Handler                        0x080016db   Thumb Code     4  stm32f10x_it.o(.text)
    BusFault_Handler                         0x080016df   Thumb Code     4  stm32f10x_it.o(.text)
    UsageFault_Handler                       0x080016e3   Thumb Code     4  stm32f10x_it.o(.text)
    SVC_Handler                              0x080016e7   Thumb Code     2  stm32f10x_it.o(.text)
    DebugMon_Handler                         0x080016e9   Thumb Code     2  stm32f10x_it.o(.text)
    PendSV_Handler                           0x080016eb   Thumb Code     2  stm32f10x_it.o(.text)
    SysTick_Handler                          0x080016ed   Thumb Code     2  stm32f10x_it.o(.text)
    SystemInit                               0x080017cf   Thumb Code    78  system_stm32f10x.o(.text)
    SystemCoreClockUpdate                    0x0800181d   Thumb Code   142  system_stm32f10x.o(.text)
    I2C_Configuration                        0x080018d1   Thumb Code   122  oled.o(.text)
    I2C_WriteByte                            0x0800194b   Thumb Code   126  oled.o(.text)
    WriteCmd                                 0x080019c9   Thumb Code    14  oled.o(.text)
    WriteDat                                 0x080019d7   Thumb Code    14  oled.o(.text)
    OLED_Init                                0x080019e5   Thumb Code   180  oled.o(.text)
    OLED_SetPos                              0x08001a99   Thumb Code    40  oled.o(.text)
    OLED_Fill                                0x08001ac1   Thumb Code    58  oled.o(.text)
    OLED_CLS                                 0x08001afb   Thumb Code    10  oled.o(.text)
    OLED_ON                                  0x08001b05   Thumb Code    22  oled.o(.text)
    OLED_OFF                                 0x08001b1b   Thumb Code    22  oled.o(.text)
    OLED_ShowStr                             0x08001b31   Thumb Code   228  oled.o(.text)
    OLED_ShowCN                              0x08001c15   Thumb Code    80  oled.o(.text)
    OLED_DrawBMP                             0x08001c65   Thumb Code   148  oled.o(.text)
    I2C1_Configuration                       0x08001cf9   Thumb Code   112  at24cxx.o(.text)
    start                                    0x08001d69   Thumb Code    94  at24cxx.o(.text)
    READ_AT24C02                             0x08001dc7   Thumb Code   126  at24cxx.o(.text)
    WRITE_AT24C02                            0x08001e45   Thumb Code    68  at24cxx.o(.text)
    read_more                                0x08001e89   Thumb Code   164  at24cxx.o(.text)
    write_more                               0x08001f2d   Thumb Code   100  at24cxx.o(.text)
    SPI_Configuration                        0x08002057   Thumb Code    94  spi_driver.o(.text)
    SPI_WriteByte                            0x080020b5   Thumb Code    68  spi_driver.o(.text)
    SPI_ReadByte                             0x080020f9   Thumb Code    72  spi_driver.o(.text)
    SPI_WriteNBytes                          0x08002141   Thumb Code    96  spi_driver.o(.text)
    SPI_ReadNBytes                           0x080021a1   Thumb Code    94  spi_driver.o(.text)
    RC522_IO_Init                            0x0800220d   Thumb Code    18  rc522.o(.text)
    WriteRawRC                               0x0800221f   Thumb Code    58  rc522.o(.text)
    ReadRawRC                                0x08002259   Thumb Code    68  rc522.o(.text)
    SetBitMask                               0x0800229d   Thumb Code    28  rc522.o(.text)
    ClearBitMask                             0x080022b9   Thumb Code    28  rc522.o(.text)
    PcdComMF522                              0x080022d5   Thumb Code   306  rc522.o(.text)
    PcdRequest                               0x08002407   Thumb Code    84  rc522.o(.text)
    PcdAnticoll                              0x0800245b   Thumb Code   112  rc522.o(.text)
    CalulateCRC                              0x080024cb   Thumb Code   108  rc522.o(.text)
    PcdSelect                                0x08002537   Thumb Code   114  rc522.o(.text)
    PcdAuthState                             0x080025a9   Thumb Code   120  rc522.o(.text)
    PcdRead                                  0x08002621   Thumb Code    84  rc522.o(.text)
    PcdWrite                                 0x08002675   Thumb Code   146  rc522.o(.text)
    PcdValue                                 0x08002707   Thumb Code   204  rc522.o(.text)
    PcdBakValue                              0x080027d3   Thumb Code   198  rc522.o(.text)
    PcdHalt                                  0x08002899   Thumb Code    50  rc522.o(.text)
    PcdReset                                 0x080028cb   Thumb Code   128  rc522.o(.text)
    PcdAntennaOn                             0x0800294b   Thumb Code    26  rc522.o(.text)
    PcdAntennaOff                            0x08002965   Thumb Code    12  rc522.o(.text)
    RC522_Config                             0x08002971   Thumb Code    80  rc522.o(.text)
    delay_init                               0x080029c5   Thumb Code    50  delay.o(.text)
    delay_us                                 0x080029f7   Thumb Code    72  delay.o(.text)
    delay_ms                                 0x08002a3f   Thumb Code    72  delay.o(.text)
    _sys_exit                                0x08002a99   Thumb Code     6  usart.o(.text)
    fputc                                    0x08002a9f   Thumb Code    24  usart.o(.text)
    uart_init                                0x08002ab7   Thumb Code   152  usart.o(.text)
    USART1_IRQHandler                        0x08002b4f   Thumb Code    24  usart.o(.text)
    Reset_Handler                            0x08002b71   Thumb Code     8  startup_stm32f10x_hd.o(.text)
    ADC1_2_IRQHandler                        0x08002b8b   Thumb Code     0  startup_stm32f10x_hd.o(.text)
    ADC3_IRQHandler                          0x08002b8b   Thumb Code     0  startup_stm32f10x_hd.o(.text)
    CAN1_RX1_IRQHandler                      0x08002b8b   Thumb Code     0  startup_stm32f10x_hd.o(.text)
    CAN1_SCE_IRQHandler                      0x08002b8b   Thumb Code     0  startup_stm32f10x_hd.o(.text)
    DMA1_Channel1_IRQHandler                 0x08002b8b   Thumb Code     0  startup_stm32f10x_hd.o(.text)
    DMA1_Channel2_IRQHandler                 0x08002b8b   Thumb Code     0  startup_stm32f10x_hd.o(.text)
    DMA1_Channel3_IRQHandler                 0x08002b8b   Thumb Code     0  startup_stm32f10x_hd.o(.text)
    DMA1_Channel4_IRQHandler                 0x08002b8b   Thumb Code     0  startup_stm32f10x_hd.o(.text)
    DMA1_Channel5_IRQHandler                 0x08002b8b   Thumb Code     0  startup_stm32f10x_hd.o(.text)
    DMA1_Channel6_IRQHandler                 0x08002b8b   Thumb Code     0  startup_stm32f10x_hd.o(.text)
    DMA1_Channel7_IRQHandler                 0x08002b8b   Thumb Code     0  startup_stm32f10x_hd.o(.text)
    DMA2_Channel1_IRQHandler                 0x08002b8b   Thumb Code     0  startup_stm32f10x_hd.o(.text)
    DMA2_Channel2_IRQHandler                 0x08002b8b   Thumb Code     0  startup_stm32f10x_hd.o(.text)
    DMA2_Channel3_IRQHandler                 0x08002b8b   Thumb Code     0  startup_stm32f10x_hd.o(.text)
    DMA2_Channel4_5_IRQHandler               0x08002b8b   Thumb Code     0  startup_stm32f10x_hd.o(.text)
    EXTI0_IRQHandler                         0x08002b8b   Thumb Code     0  startup_stm32f10x_hd.o(.text)
    EXTI15_10_IRQHandler                     0x08002b8b   Thumb Code     0  startup_stm32f10x_hd.o(.text)
    EXTI1_IRQHandler                         0x08002b8b   Thumb Code     0  startup_stm32f10x_hd.o(.text)
    EXTI2_IRQHandler                         0x08002b8b   Thumb Code     0  startup_stm32f10x_hd.o(.text)
    EXTI3_IRQHandler                         0x08002b8b   Thumb Code     0  startup_stm32f10x_hd.o(.text)
    EXTI4_IRQHandler                         0x08002b8b   Thumb Code     0  startup_stm32f10x_hd.o(.text)
    EXTI9_5_IRQHandler                       0x08002b8b   Thumb Code     0  startup_stm32f10x_hd.o(.text)
    FLASH_IRQHandler                         0x08002b8b   Thumb Code     0  startup_stm32f10x_hd.o(.text)
    FSMC_IRQHandler                          0x08002b8b   Thumb Code     0  startup_stm32f10x_hd.o(.text)
    I2C1_ER_IRQHandler                       0x08002b8b   Thumb Code     0  startup_stm32f10x_hd.o(.text)
    I2C1_EV_IRQHandler                       0x08002b8b   Thumb Code     0  startup_stm32f10x_hd.o(.text)
    I2C2_ER_IRQHandler                       0x08002b8b   Thumb Code     0  startup_stm32f10x_hd.o(.text)
    I2C2_EV_IRQHandler                       0x08002b8b   Thumb Code     0  startup_stm32f10x_hd.o(.text)
    PVD_IRQHandler                           0x08002b8b   Thumb Code     0  startup_stm32f10x_hd.o(.text)
    RCC_IRQHandler                           0x08002b8b   Thumb Code     0  startup_stm32f10x_hd.o(.text)
    RTCAlarm_IRQHandler                      0x08002b8b   Thumb Code     0  startup_stm32f10x_hd.o(.text)
    RTC_IRQHandler                           0x08002b8b   Thumb Code     0  startup_stm32f10x_hd.o(.text)
    SDIO_IRQHandler                          0x08002b8b   Thumb Code     0  startup_stm32f10x_hd.o(.text)
    SPI1_IRQHandler                          0x08002b8b   Thumb Code     0  startup_stm32f10x_hd.o(.text)
    SPI2_IRQHandler                          0x08002b8b   Thumb Code     0  startup_stm32f10x_hd.o(.text)
    SPI3_IRQHandler                          0x08002b8b   Thumb Code     0  startup_stm32f10x_hd.o(.text)
    TAMPER_IRQHandler                        0x08002b8b   Thumb Code     0  startup_stm32f10x_hd.o(.text)
    TIM1_BRK_IRQHandler                      0x08002b8b   Thumb Code     0  startup_stm32f10x_hd.o(.text)
    TIM1_CC_IRQHandler                       0x08002b8b   Thumb Code     0  startup_stm32f10x_hd.o(.text)
    TIM1_TRG_COM_IRQHandler                  0x08002b8b   Thumb Code     0  startup_stm32f10x_hd.o(.text)
    TIM1_UP_IRQHandler                       0x08002b8b   Thumb Code     0  startup_stm32f10x_hd.o(.text)
    TIM2_IRQHandler                          0x08002b8b   Thumb Code     0  startup_stm32f10x_hd.o(.text)
    TIM3_IRQHandler                          0x08002b8b   Thumb Code     0  startup_stm32f10x_hd.o(.text)
    TIM4_IRQHandler                          0x08002b8b   Thumb Code     0  startup_stm32f10x_hd.o(.text)
    TIM5_IRQHandler                          0x08002b8b   Thumb Code     0  startup_stm32f10x_hd.o(.text)
    TIM6_IRQHandler                          0x08002b8b   Thumb Code     0  startup_stm32f10x_hd.o(.text)
    TIM7_IRQHandler                          0x08002b8b   Thumb Code     0  startup_stm32f10x_hd.o(.text)
    TIM8_BRK_IRQHandler                      0x08002b8b   Thumb Code     0  startup_stm32f10x_hd.o(.text)
    TIM8_CC_IRQHandler                       0x08002b8b   Thumb Code     0  startup_stm32f10x_hd.o(.text)
    TIM8_TRG_COM_IRQHandler                  0x08002b8b   Thumb Code     0  startup_stm32f10x_hd.o(.text)
    TIM8_UP_IRQHandler                       0x08002b8b   Thumb Code     0  startup_stm32f10x_hd.o(.text)
    UART4_IRQHandler                         0x08002b8b   Thumb Code     0  startup_stm32f10x_hd.o(.text)
    UART5_IRQHandler                         0x08002b8b   Thumb Code     0  startup_stm32f10x_hd.o(.text)
    USART2_IRQHandler                        0x08002b8b   Thumb Code     0  startup_stm32f10x_hd.o(.text)
    USART3_IRQHandler                        0x08002b8b   Thumb Code     0  startup_stm32f10x_hd.o(.text)
    USBWakeUp_IRQHandler                     0x08002b8b   Thumb Code     0  startup_stm32f10x_hd.o(.text)
    USB_HP_CAN1_TX_IRQHandler                0x08002b8b   Thumb Code     0  startup_stm32f10x_hd.o(.text)
    USB_LP_CAN1_RX0_IRQHandler               0x08002b8b   Thumb Code     0  startup_stm32f10x_hd.o(.text)
    WWDG_IRQHandler                          0x08002b8b   Thumb Code     0  startup_stm32f10x_hd.o(.text)
    __user_initial_stackheap                 0x08002b8d   Thumb Code     0  startup_stm32f10x_hd.o(.text)
    GPIO_DeInit                              0x08002bb1   Thumb Code   172  stm32f10x_gpio.o(.text)
    GPIO_AFIODeInit                          0x08002c5d   Thumb Code    20  stm32f10x_gpio.o(.text)
    GPIO_Init                                0x08002c71   Thumb Code   278  stm32f10x_gpio.o(.text)
    GPIO_StructInit                          0x08002d87   Thumb Code    16  stm32f10x_gpio.o(.text)
    GPIO_ReadInputDataBit                    0x08002d97   Thumb Code    18  stm32f10x_gpio.o(.text)
    GPIO_ReadInputData                       0x08002da9   Thumb Code     8  stm32f10x_gpio.o(.text)
    GPIO_ReadOutputDataBit                   0x08002db1   Thumb Code    18  stm32f10x_gpio.o(.text)
    GPIO_ReadOutputData                      0x08002dc3   Thumb Code     8  stm32f10x_gpio.o(.text)
    GPIO_SetBits                             0x08002dcb   Thumb Code     4  stm32f10x_gpio.o(.text)
    GPIO_ResetBits                           0x08002dcf   Thumb Code     4  stm32f10x_gpio.o(.text)
    GPIO_WriteBit                            0x08002dd3   Thumb Code    10  stm32f10x_gpio.o(.text)
    GPIO_Write                               0x08002ddd   Thumb Code     4  stm32f10x_gpio.o(.text)
    GPIO_PinLockConfig                       0x08002de1   Thumb Code    18  stm32f10x_gpio.o(.text)
    GPIO_EventOutputConfig                   0x08002df3   Thumb Code    26  stm32f10x_gpio.o(.text)
    GPIO_EventOutputCmd                      0x08002e0d   Thumb Code     6  stm32f10x_gpio.o(.text)
    GPIO_PinRemapConfig                      0x08002e13   Thumb Code   138  stm32f10x_gpio.o(.text)
    GPIO_EXTILineConfig                      0x08002e9d   Thumb Code    66  stm32f10x_gpio.o(.text)
    GPIO_ETH_MediaInterfaceConfig            0x08002edf   Thumb Code     8  stm32f10x_gpio.o(.text)
    RCC_DeInit                               0x08002f0d   Thumb Code    64  stm32f10x_rcc.o(.text)
    RCC_HSEConfig                            0x08002f4d   Thumb Code    70  stm32f10x_rcc.o(.text)
    RCC_GetFlagStatus                        0x08002f93   Thumb Code    56  stm32f10x_rcc.o(.text)
    RCC_WaitForHSEStartUp                    0x08002fcb   Thumb Code    56  stm32f10x_rcc.o(.text)
    RCC_AdjustHSICalibrationValue            0x08003003   Thumb Code    20  stm32f10x_rcc.o(.text)
    RCC_HSICmd                               0x08003017   Thumb Code     6  stm32f10x_rcc.o(.text)
    RCC_PLLConfig                            0x0800301d   Thumb Code    24  stm32f10x_rcc.o(.text)
    RCC_PLLCmd                               0x08003035   Thumb Code     6  stm32f10x_rcc.o(.text)
    RCC_SYSCLKConfig                         0x0800303b   Thumb Code    18  stm32f10x_rcc.o(.text)
    RCC_GetSYSCLKSource                      0x0800304d   Thumb Code    10  stm32f10x_rcc.o(.text)
    RCC_HCLKConfig                           0x08003057   Thumb Code    18  stm32f10x_rcc.o(.text)
    RCC_PCLK1Config                          0x08003069   Thumb Code    18  stm32f10x_rcc.o(.text)
    RCC_PCLK2Config                          0x0800307b   Thumb Code    20  stm32f10x_rcc.o(.text)
    RCC_ITConfig                             0x0800308f   Thumb Code    26  stm32f10x_rcc.o(.text)
    RCC_USBCLKConfig                         0x080030a9   Thumb Code     8  stm32f10x_rcc.o(.text)
    RCC_ADCCLKConfig                         0x080030b1   Thumb Code    18  stm32f10x_rcc.o(.text)
    RCC_LSEConfig                            0x080030c3   Thumb Code    50  stm32f10x_rcc.o(.text)
    RCC_LSICmd                               0x080030f5   Thumb Code     6  stm32f10x_rcc.o(.text)
    RCC_RTCCLKConfig                         0x080030fb   Thumb Code    12  stm32f10x_rcc.o(.text)
    RCC_RTCCLKCmd                            0x08003107   Thumb Code     8  stm32f10x_rcc.o(.text)
    RCC_GetClocksFreq                        0x0800310f   Thumb Code   192  stm32f10x_rcc.o(.text)
    RCC_AHBPeriphClockCmd                    0x080031cf   Thumb Code    26  stm32f10x_rcc.o(.text)
    RCC_APB2PeriphClockCmd                   0x080031e9   Thumb Code    26  stm32f10x_rcc.o(.text)
    RCC_APB1PeriphClockCmd                   0x08003203   Thumb Code    26  stm32f10x_rcc.o(.text)
    RCC_APB2PeriphResetCmd                   0x0800321d   Thumb Code    26  stm32f10x_rcc.o(.text)
    RCC_APB1PeriphResetCmd                   0x08003237   Thumb Code    26  stm32f10x_rcc.o(.text)
    RCC_BackupResetCmd                       0x08003251   Thumb Code     8  stm32f10x_rcc.o(.text)
    RCC_ClockSecuritySystemCmd               0x08003259   Thumb Code     6  stm32f10x_rcc.o(.text)
    RCC_MCOConfig                            0x0800325f   Thumb Code     6  stm32f10x_rcc.o(.text)
    RCC_ClearFlag                            0x08003265   Thumb Code    14  stm32f10x_rcc.o(.text)
    RCC_GetITStatus                          0x08003273   Thumb Code    20  stm32f10x_rcc.o(.text)
    RCC_ClearITPendingBit                    0x08003287   Thumb Code     6  stm32f10x_rcc.o(.text)
    USART_DeInit                             0x080032b1   Thumb Code   134  stm32f10x_usart.o(.text)
    USART_Init                               0x08003337   Thumb Code   210  stm32f10x_usart.o(.text)
    USART_StructInit                         0x08003409   Thumb Code    24  stm32f10x_usart.o(.text)
    USART_ClockInit                          0x08003421   Thumb Code    34  stm32f10x_usart.o(.text)
    USART_ClockStructInit                    0x08003443   Thumb Code    12  stm32f10x_usart.o(.text)
    USART_Cmd                                0x0800344f   Thumb Code    24  stm32f10x_usart.o(.text)
    USART_ITConfig                           0x08003467   Thumb Code    74  stm32f10x_usart.o(.text)
    USART_DMACmd                             0x080034b1   Thumb Code    18  stm32f10x_usart.o(.text)
    USART_SetAddress                         0x080034c3   Thumb Code    18  stm32f10x_usart.o(.text)
    USART_WakeUpConfig                       0x080034d5   Thumb Code    18  stm32f10x_usart.o(.text)
    USART_ReceiverWakeUpCmd                  0x080034e7   Thumb Code    24  stm32f10x_usart.o(.text)
    USART_LINBreakDetectLengthConfig         0x080034ff   Thumb Code    18  stm32f10x_usart.o(.text)
    USART_LINCmd                             0x08003511   Thumb Code    24  stm32f10x_usart.o(.text)
    USART_SendData                           0x08003529   Thumb Code     8  stm32f10x_usart.o(.text)
    USART_ReceiveData                        0x08003531   Thumb Code    10  stm32f10x_usart.o(.text)
    USART_SendBreak                          0x0800353b   Thumb Code    10  stm32f10x_usart.o(.text)
    USART_SetGuardTime                       0x08003545   Thumb Code    16  stm32f10x_usart.o(.text)
    USART_SetPrescaler                       0x08003555   Thumb Code    16  stm32f10x_usart.o(.text)
    USART_SmartCardCmd                       0x08003565   Thumb Code    24  stm32f10x_usart.o(.text)
    USART_SmartCardNACKCmd                   0x0800357d   Thumb Code    24  stm32f10x_usart.o(.text)
    USART_HalfDuplexCmd                      0x08003595   Thumb Code    24  stm32f10x_usart.o(.text)
    USART_OverSampling8Cmd                   0x080035ad   Thumb Code    22  stm32f10x_usart.o(.text)
    USART_OneBitMethodCmd                    0x080035c3   Thumb Code    24  stm32f10x_usart.o(.text)
    USART_IrDAConfig                         0x080035db   Thumb Code    18  stm32f10x_usart.o(.text)
    USART_IrDACmd                            0x080035ed   Thumb Code    24  stm32f10x_usart.o(.text)
    USART_GetFlagStatus                      0x08003605   Thumb Code    26  stm32f10x_usart.o(.text)
    USART_ClearFlag                          0x0800361f   Thumb Code    18  stm32f10x_usart.o(.text)
    USART_GetITStatus                        0x08003631   Thumb Code    84  stm32f10x_usart.o(.text)
    USART_ClearITPendingBit                  0x08003685   Thumb Code    52  stm32f10x_usart.o(.text)
    NVIC_PriorityGroupConfig                 0x080036b9   Thumb Code    10  misc.o(.text)
    NVIC_Init                                0x080036c3   Thumb Code   100  misc.o(.text)
    NVIC_SetVectorTable                      0x08003727   Thumb Code    14  misc.o(.text)
    NVIC_SystemLPConfig                      0x08003735   Thumb Code    34  misc.o(.text)
    SysTick_CLKSourceConfig                  0x08003757   Thumb Code    40  misc.o(.text)
    I2C_DeInit                               0x08003795   Thumb Code    50  stm32f10x_i2c.o(.text)
    I2C_Init                                 0x080037c7   Thumb Code   222  stm32f10x_i2c.o(.text)
    I2C_StructInit                           0x080038a5   Thumb Code    30  stm32f10x_i2c.o(.text)
    I2C_Cmd                                  0x080038c3   Thumb Code    24  stm32f10x_i2c.o(.text)
    I2C_DMACmd                               0x080038db   Thumb Code    24  stm32f10x_i2c.o(.text)
    I2C_DMALastTransferCmd                   0x080038f3   Thumb Code    24  stm32f10x_i2c.o(.text)
    I2C_GenerateSTART                        0x0800390b   Thumb Code    24  stm32f10x_i2c.o(.text)
    I2C_GenerateSTOP                         0x08003923   Thumb Code    24  stm32f10x_i2c.o(.text)
    I2C_AcknowledgeConfig                    0x0800393b   Thumb Code    24  stm32f10x_i2c.o(.text)
    I2C_OwnAddress2Config                    0x08003953   Thumb Code    22  stm32f10x_i2c.o(.text)
    I2C_DualAddressCmd                       0x08003969   Thumb Code    24  stm32f10x_i2c.o(.text)
    I2C_GeneralCallCmd                       0x08003981   Thumb Code    24  stm32f10x_i2c.o(.text)
    I2C_ITConfig                             0x08003999   Thumb Code    18  stm32f10x_i2c.o(.text)
    I2C_SendData                             0x080039ab   Thumb Code     4  stm32f10x_i2c.o(.text)
    I2C_ReceiveData                          0x080039af   Thumb Code     8  stm32f10x_i2c.o(.text)
    I2C_Send7bitAddress                      0x080039b7   Thumb Code    18  stm32f10x_i2c.o(.text)
    I2C_ReadRegister                         0x080039c9   Thumb Code    22  stm32f10x_i2c.o(.text)
    I2C_SoftwareResetCmd                     0x080039df   Thumb Code    22  stm32f10x_i2c.o(.text)
    I2C_NACKPositionConfig                   0x080039f5   Thumb Code    28  stm32f10x_i2c.o(.text)
    I2C_SMBusAlertConfig                     0x08003a11   Thumb Code    28  stm32f10x_i2c.o(.text)
    I2C_TransmitPEC                          0x08003a2d   Thumb Code    24  stm32f10x_i2c.o(.text)
    I2C_PECPositionConfig                    0x08003a45   Thumb Code    28  stm32f10x_i2c.o(.text)
    I2C_CalculatePEC                         0x08003a61   Thumb Code    24  stm32f10x_i2c.o(.text)
    I2C_GetPEC                               0x08003a79   Thumb Code     8  stm32f10x_i2c.o(.text)
    I2C_ARPCmd                               0x08003a81   Thumb Code    24  stm32f10x_i2c.o(.text)
    I2C_StretchClockCmd                      0x08003a99   Thumb Code    24  stm32f10x_i2c.o(.text)
    I2C_FastModeDutyCycleConfig              0x08003ab1   Thumb Code    28  stm32f10x_i2c.o(.text)
    I2C_CheckEvent                           0x08003acd   Thumb Code    42  stm32f10x_i2c.o(.text)
    I2C_GetLastEvent                         0x08003af7   Thumb Code    26  stm32f10x_i2c.o(.text)
    I2C_GetFlagStatus                        0x08003b11   Thumb Code    58  stm32f10x_i2c.o(.text)
    I2C_ClearFlag                            0x08003b4b   Thumb Code    12  stm32f10x_i2c.o(.text)
    I2C_GetITStatus                          0x08003b57   Thumb Code    54  stm32f10x_i2c.o(.text)
    I2C_ClearITPendingBit                    0x08003b8d   Thumb Code    12  stm32f10x_i2c.o(.text)
    SPI_I2S_DeInit                           0x08003b99   Thumb Code    76  stm32f10x_spi.o(.text)
    SPI_Init                                 0x08003be5   Thumb Code    60  stm32f10x_spi.o(.text)
    I2S_Init                                 0x08003c21   Thumb Code   226  stm32f10x_spi.o(.text)
    SPI_StructInit                           0x08003d03   Thumb Code    24  stm32f10x_spi.o(.text)
    I2S_StructInit                           0x08003d1b   Thumb Code    20  stm32f10x_spi.o(.text)
    SPI_Cmd                                  0x08003d2f   Thumb Code    24  stm32f10x_spi.o(.text)
    I2S_Cmd                                  0x08003d47   Thumb Code    24  stm32f10x_spi.o(.text)
    SPI_I2S_ITConfig                         0x08003d5f   Thumb Code    32  stm32f10x_spi.o(.text)
    SPI_I2S_DMACmd                           0x08003d7f   Thumb Code    18  stm32f10x_spi.o(.text)
    SPI_I2S_SendData                         0x08003d91   Thumb Code     4  stm32f10x_spi.o(.text)
    SPI_I2S_ReceiveData                      0x08003d95   Thumb Code     6  stm32f10x_spi.o(.text)
    SPI_NSSInternalSoftwareConfig            0x08003d9b   Thumb Code    30  stm32f10x_spi.o(.text)
    SPI_SSOutputCmd                          0x08003db9   Thumb Code    24  stm32f10x_spi.o(.text)
    SPI_DataSizeConfig                       0x08003dd1   Thumb Code    18  stm32f10x_spi.o(.text)
    SPI_TransmitCRC                          0x08003de3   Thumb Code    10  stm32f10x_spi.o(.text)
    SPI_CalculateCRC                         0x08003ded   Thumb Code    24  stm32f10x_spi.o(.text)
    SPI_GetCRC                               0x08003e05   Thumb Code    16  stm32f10x_spi.o(.text)
    SPI_GetCRCPolynomial                     0x08003e15   Thumb Code     6  stm32f10x_spi.o(.text)
    SPI_BiDirectionalLineConfig              0x08003e1b   Thumb Code    28  stm32f10x_spi.o(.text)
    SPI_I2S_GetFlagStatus                    0x08003e37   Thumb Code    18  stm32f10x_spi.o(.text)
    SPI_I2S_ClearFlag                        0x08003e49   Thumb Code     6  stm32f10x_spi.o(.text)
    SPI_I2S_GetITStatus                      0x08003e4f   Thumb Code    52  stm32f10x_spi.o(.text)
    SPI_I2S_ClearITPendingBit                0x08003e83   Thumb Code    20  stm32f10x_spi.o(.text)
    __use_no_semihosting                     0x08003ea5   Thumb Code     2  use_no_semi_2.o(.text)
    __2printf                                0x08003ea9   Thumb Code    20  noretval__2printf.o(.text)
    _printf_pre_padding                      0x08003ec1   Thumb Code    44  _printf_pad.o(.text)
    _printf_post_padding                     0x08003eed   Thumb Code    34  _printf_pad.o(.text)
    _printf_str                              0x08003f0f   Thumb Code    82  _printf_str.o(.text)
    _printf_int_dec                          0x08003f61   Thumb Code   104  _printf_dec.o(.text)
    _printf_int_hex                          0x08003fd9   Thumb Code    84  _printf_hex_int.o(.text)
    _printf_longlong_hex                     0x08003fd9   Thumb Code     0  _printf_hex_int.o(.text)
    __printf                                 0x08004031   Thumb Code   308  __printf_flags_wp.o(.text)
    strlen                                   0x08004169   Thumb Code    62  strlen.o(.text)
    __use_two_region_memory                  0x080041a7   Thumb Code     2  heapauxi.o(.text)
    __rt_heap_escrow$2region                 0x080041a9   Thumb Code     2  heapauxi.o(.text)
    __rt_heap_expand$2region                 0x080041ab   Thumb Code     2  heapauxi.o(.text)
    __I$use$semihosting                      0x080041ad   Thumb Code     0  use_no_semi.o(.text)
    __use_no_semihosting_swi                 0x080041ad   Thumb Code     2  use_no_semi.o(.text)
    _printf_int_common                       0x080041af   Thumb Code   178  _printf_intcommon.o(.text)
    _printf_cs_common                        0x08004261   Thumb Code    20  _printf_char.o(.text)
    _printf_char                             0x08004275   Thumb Code    16  _printf_char.o(.text)
    _printf_string                           0x08004285   Thumb Code     8  _printf_char.o(.text)
    _printf_char_file                        0x0800428d   Thumb Code    32  _printf_char_file.o(.text)
    _printf_char_common                      0x080042bb   Thumb Code    32  _printf_char_common.o(.text)
    ferror                                   0x080042e1   Thumb Code     8  ferror.o(.text)
    __user_setup_stackheap                   0x080042e9   Thumb Code    74  sys_stackheap_outer.o(.text)
    exit                                     0x08004333   Thumb Code    12  exit.o(.text)
    __user_libspace                          0x08004341   Thumb Code     8  libspace.o(.text)
    __user_perproc_libspace                  0x08004341   Thumb Code     0  libspace.o(.text)
    __user_perthread_libspace                0x08004341   Thumb Code     0  libspace.o(.text)
    _is_digit                                0x08004349   Thumb Code    14  __printf_wp.o(i._is_digit)
    F6x8                                     0x08004356   Data         552  oled.o(.constdata)
    F8X16                                    0x0800457e   Data        1520  oled.o(.constdata)
    Region$$Table$$Base                      0x08004bec   Number         0  anon$$obj.o(Region$$Table)
    Region$$Table$$Limit                     0x08004c0c   Number         0  anon$$obj.o(Region$$Table)
    AT24C02_BUFF                             0x20000000   Data           6  main.o(.data)
    CARD_ID                                  0x20000006   Data           4  main.o(.data)
    NEW_KEYWORD                              0x2000000a   Data           6  main.o(.data)
    MAKE_SURE_KEYWORD                        0x20000010   Data           6  main.o(.data)
    SystemCoreClock                          0x2000001c   Data           4  system_stm32f10x.o(.data)
    AHBPrescTable                            0x20000020   Data          16  system_stm32f10x.o(.data)
    F16x16                                   0x20000030   Data        2016  oled.o(.data)
    __stdout                                 0x20000814   Data           4  usart.o(.data)
    USART_RX_STA                             0x20000818   Data           2  usart.o(.data)
    __libspace_start                         0x20000830   Data          96  libspace.o(.bss)
    __temporary_stack_top$libspace           0x20000890   Data           0  libspace.o(.bss)



==============================================================================

Memory Map of the image

  Image Entry point : 0x08000131

  Load Region LR_IROM1 (Base: 0x08000000, Size: 0x0000543c, Max: 0x00040000, ABSOLUTE, COMPRESSED[0x0000518c])

    Execution Region ER_IROM1 (Base: 0x08000000, Size: 0x00004c0c, Max: 0x00040000, ABSOLUTE)

    Base Addr    Size         Type   Attr      Idx    E Section Name        Object

    0x08000000   0x00000130   Data   RO          384    RESET               startup_stm32f10x_hd.o
    0x08000130   0x00000008   Code   RO          528  * !!!main             c_w.l(__main.o)
    0x08000138   0x00000034   Code   RO          699    !!!scatter          c_w.l(__scatter.o)
    0x0800016c   0x00000064   Code   RO          697    !!dclz77c           c_w.l(__dclz77c.o)
    0x080001d0   0x0000001c   Code   RO          701    !!handler_zi        c_w.l(__scatter_zi.o)
    0x080001ec   0x00000000   Code   RO          523    .ARM.Collect$$_printf_percent$$00000000  c_w.l(_printf_percent.o)
    0x080001ec   0x00000006   Code   RO          522    .ARM.Collect$$_printf_percent$$00000009  c_w.l(_printf_d.o)
    0x080001f2   0x00000006   Code   RO          521    .ARM.Collect$$_printf_percent$$0000000C  c_w.l(_printf_x.o)
    0x080001f8   0x00000006   Code   RO          520    .ARM.Collect$$_printf_percent$$00000014  c_w.l(_printf_s.o)
    0x080001fe   0x00000004   Code   RO          539    .ARM.Collect$$_printf_percent$$00000017  c_w.l(_printf_percent_end.o)
    0x08000202   0x00000002   Code   RO          572    .ARM.Collect$$libinit$$00000000  c_w.l(libinit.o)
    0x08000204   0x00000000   Code   RO          579    .ARM.Collect$$libinit$$00000002  c_w.l(libinit2.o)
    0x08000204   0x00000000   Code   RO          581    .ARM.Collect$$libinit$$00000004  c_w.l(libinit2.o)
    0x08000204   0x00000000   Code   RO          584    .ARM.Collect$$libinit$$0000000A  c_w.l(libinit2.o)
    0x08000204   0x00000000   Code   RO          586    .ARM.Collect$$libinit$$0000000C  c_w.l(libinit2.o)
    0x08000204   0x00000000   Code   RO          588    .ARM.Collect$$libinit$$0000000E  c_w.l(libinit2.o)
    0x08000204   0x00000000   Code   RO          591    .ARM.Collect$$libinit$$00000011  c_w.l(libinit2.o)
    0x08000204   0x00000000   Code   RO          593    .ARM.Collect$$libinit$$00000013  c_w.l(libinit2.o)
    0x08000204   0x00000000   Code   RO          595    .ARM.Collect$$libinit$$00000015  c_w.l(libinit2.o)
    0x08000204   0x00000000   Code   RO          597    .ARM.Collect$$libinit$$00000017  c_w.l(libinit2.o)
    0x08000204   0x00000000   Code   RO          599    .ARM.Collect$$libinit$$00000019  c_w.l(libinit2.o)
    0x08000204   0x00000000   Code   RO          601    .ARM.Collect$$libinit$$0000001B  c_w.l(libinit2.o)
    0x08000204   0x00000000   Code   RO          603    .ARM.Collect$$libinit$$0000001D  c_w.l(libinit2.o)
    0x08000204   0x00000000   Code   RO          605    .ARM.Collect$$libinit$$0000001F  c_w.l(libinit2.o)
    0x08000204   0x00000000   Code   RO          607    .ARM.Collect$$libinit$$00000021  c_w.l(libinit2.o)
    0x08000204   0x00000000   Code   RO          609    .ARM.Collect$$libinit$$00000023  c_w.l(libinit2.o)
    0x08000204   0x00000000   Code   RO          611    .ARM.Collect$$libinit$$00000025  c_w.l(libinit2.o)
    0x08000204   0x00000000   Code   RO          615    .ARM.Collect$$libinit$$0000002C  c_w.l(libinit2.o)
    0x08000204   0x00000000   Code   RO          617    .ARM.Collect$$libinit$$0000002E  c_w.l(libinit2.o)
    0x08000204   0x00000000   Code   RO          619    .ARM.Collect$$libinit$$00000030  c_w.l(libinit2.o)
    0x08000204   0x00000000   Code   RO          621    .ARM.Collect$$libinit$$00000032  c_w.l(libinit2.o)
    0x08000204   0x00000002   Code   RO          622    .ARM.Collect$$libinit$$00000033  c_w.l(libinit2.o)
    0x08000206   0x00000002   Code   RO          640    .ARM.Collect$$libshutdown$$00000000  c_w.l(libshutdown.o)
    0x08000208   0x00000000   Code   RO          651    .ARM.Collect$$libshutdown$$00000003  c_w.l(libshutdown2.o)
    0x08000208   0x00000000   Code   RO          654    .ARM.Collect$$libshutdown$$00000006  c_w.l(libshutdown2.o)
    0x08000208   0x00000000   Code   RO          657    .ARM.Collect$$libshutdown$$00000009  c_w.l(libshutdown2.o)
    0x08000208   0x00000000   Code   RO          659    .ARM.Collect$$libshutdown$$0000000B  c_w.l(libshutdown2.o)
    0x08000208   0x00000000   Code   RO          662    .ARM.Collect$$libshutdown$$0000000E  c_w.l(libshutdown2.o)
    0x08000208   0x00000002   Code   RO          663    .ARM.Collect$$libshutdown$$0000000F  c_w.l(libshutdown2.o)
    0x0800020a   0x00000000   Code   RO          532    .ARM.Collect$$rtentry$$00000000  c_w.l(__rtentry.o)
    0x0800020a   0x00000000   Code   RO          541    .ARM.Collect$$rtentry$$00000002  c_w.l(__rtentry2.o)
    0x0800020a   0x00000006   Code   RO          553    .ARM.Collect$$rtentry$$00000004  c_w.l(__rtentry4.o)
    0x08000210   0x00000000   Code   RO          543    .ARM.Collect$$rtentry$$00000009  c_w.l(__rtentry2.o)
    0x08000210   0x00000004   Code   RO          544    .ARM.Collect$$rtentry$$0000000A  c_w.l(__rtentry2.o)
    0x08000214   0x00000000   Code   RO          546    .ARM.Collect$$rtentry$$0000000C  c_w.l(__rtentry2.o)
    0x08000214   0x00000008   Code   RO          547    .ARM.Collect$$rtentry$$0000000D  c_w.l(__rtentry2.o)
    0x0800021c   0x00000002   Code   RO          576    .ARM.Collect$$rtexit$$00000000  c_w.l(rtexit.o)
    0x0800021e   0x00000000   Code   RO          624    .ARM.Collect$$rtexit$$00000002  c_w.l(rtexit2.o)
    0x0800021e   0x00000004   Code   RO          625    .ARM.Collect$$rtexit$$00000003  c_w.l(rtexit2.o)
    0x08000222   0x00000006   Code   RO          626    .ARM.Collect$$rtexit$$00000004  c_w.l(rtexit2.o)
    0x08000228   0x000014ac   Code   RO            1    .text               main.o
    0x080016d4   0x0000001a   Code   RO          143    .text               stm32f10x_it.o
    0x080016ee   0x00000002   PAD
    0x080016f0   0x000001e0   Code   RO          184    .text               system_stm32f10x.o
    0x080018d0   0x00000428   Code   RO          238    .text               oled.o
    0x08001cf8   0x000002b8   Code   RO          275    .text               at24cxx.o
    0x08001fb0   0x0000025c   Code   RO          291    .text               spi_driver.o
    0x0800220c   0x000007b8   Code   RO          303    .text               rc522.o
    0x080029c4   0x000000d4   Code   RO          318    .text               delay.o
    0x08002a98   0x000000d8   Code   RO          349    .text               usart.o
    0x08002b70   0x00000040   Code   RO          385    .text               startup_stm32f10x_hd.o
    0x08002bb0   0x0000035c   Code   RO          389    .text               stm32f10x_gpio.o
    0x08002f0c   0x000003a4   Code   RO          401    .text               stm32f10x_rcc.o
    0x080032b0   0x00000408   Code   RO          415    .text               stm32f10x_usart.o
    0x080036b8   0x000000dc   Code   RO          427    .text               misc.o
    0x08003794   0x00000404   Code   RO          439    .text               stm32f10x_i2c.o
    0x08003b98   0x0000030c   Code   RO          451    .text               stm32f10x_spi.o
    0x08003ea4   0x00000002   Code   RO          465    .text               c_w.l(use_no_semi_2.o)
    0x08003ea6   0x00000002   PAD
    0x08003ea8   0x00000018   Code   RO          469    .text               c_w.l(noretval__2printf.o)
    0x08003ec0   0x0000004e   Code   RO          473    .text               c_w.l(_printf_pad.o)
    0x08003f0e   0x00000052   Code   RO          475    .text               c_w.l(_printf_str.o)
    0x08003f60   0x00000078   Code   RO          477    .text               c_w.l(_printf_dec.o)
    0x08003fd8   0x00000058   Code   RO          482    .text               c_w.l(_printf_hex_int.o)
    0x08004030   0x00000138   Code   RO          512    .text               c_w.l(__printf_flags_wp.o)
    0x08004168   0x0000003e   Code   RO          524    .text               c_w.l(strlen.o)
    0x080041a6   0x00000006   Code   RO          526    .text               c_w.l(heapauxi.o)
    0x080041ac   0x00000002   Code   RO          530    .text               c_w.l(use_no_semi.o)
    0x080041ae   0x000000b2   Code   RO          533    .text               c_w.l(_printf_intcommon.o)
    0x08004260   0x0000002c   Code   RO          535    .text               c_w.l(_printf_char.o)
    0x0800428c   0x00000024   Code   RO          537    .text               c_w.l(_printf_char_file.o)
    0x080042b0   0x00000030   Code   RO          555    .text               c_w.l(_printf_char_common.o)
    0x080042e0   0x00000008   Code   RO          557    .text               c_w.l(ferror.o)
    0x080042e8   0x0000004a   Code   RO          561    .text               c_w.l(sys_stackheap_outer.o)
    0x08004332   0x0000000c   Code   RO          565    .text               c_w.l(exit.o)
    0x0800433e   0x00000002   PAD
    0x08004340   0x00000008   Code   RO          573    .text               c_w.l(libspace.o)
    0x08004348   0x0000000e   Code   RO          510    i._is_digit         c_w.l(__printf_wp.o)
    0x08004356   0x00000818   Data   RO          239    .constdata          oled.o
    0x08004b6e   0x00000028   Data   RO          483    .constdata          c_w.l(_printf_hex_int.o)
    0x08004b96   0x00000011   Data   RO          513    .constdata          c_w.l(__printf_flags_wp.o)
    0x08004ba7   0x00000001   PAD
    0x08004ba8   0x00000044   Data   RO            2    .conststring        main.o
    0x08004bec   0x00000020   Data   RO          695    Region$$Table       anon$$obj.o


    Execution Region RW_IRAM1 (Base: 0x20000000, Size: 0x00000e90, Max: 0x0000c000, ABSOLUTE, COMPRESSED[0x00000580])

    Base Addr    Size         Type   Attr      Idx    E Section Name        Object

    0x20000000   0x0000001a   Data   RW            3    .data               main.o
    0x2000001a   0x00000002   PAD
    0x2000001c   0x00000014   Data   RW          185    .data               system_stm32f10x.o
    0x20000030   0x000007e0   Data   RW          240    .data               oled.o
    0x20000810   0x00000004   Data   RW          319    .data               delay.o
    0x20000814   0x00000006   Data   RW          351    .data               usart.o
    0x2000081a   0x00000014   Data   RW          402    .data               stm32f10x_rcc.o
    0x2000082e   0x00000002   PAD
    0x20000830   0x00000060   Zero   RW          574    .bss                c_w.l(libspace.o)
    0x20000890   0x00000200   Zero   RW          383    HEAP                startup_stm32f10x_hd.o
    0x20000a90   0x00000400   Zero   RW          382    STACK               startup_stm32f10x_hd.o


==============================================================================

Image component sizes


      Code (inc. data)   RO Data    RW Data    ZI Data      Debug   Object Name

       696         32          0          0          0       1843   at24cxx.o
       212         18          0          4          0       1031   delay.o
      5292        892         68         26          0     253737   main.o
       220         22          0          0          0       1809   misc.o
      1064         32       2072       2016          0       4020   oled.o
      1976         12          0          0          0       6518   rc522.o
       604         14          0          0          0       2818   spi_driver.o
        64         26        304          0       1536        796   startup_stm32f10x_hd.o
       860         38          0          0          0       5653   stm32f10x_gpio.o
      1028         16          0          0          0       9115   stm32f10x_i2c.o
        26          0          0          0          0       1186   stm32f10x_it.o
       932         36          0         20          0       8828   stm32f10x_rcc.o
       780         14          0          0          0       6534   stm32f10x_spi.o
      1032         22          0          0          0       8380   stm32f10x_usart.o
         0          0          0          0          0         32   sys.o
       480         38          0         20          0       1755   system_stm32f10x.o
       216         10          0          6          0       3130   usart.o

    ----------------------------------------------------------------------
     15484       1222       2476       2096       1536     317185   Object Totals
         0          0         32          0          0          0   (incl. Generated)
         2          0          0          4          0          0   (incl. Padding)

    ----------------------------------------------------------------------

      Code (inc. data)   RO Data    RW Data    ZI Data      Debug   Library Member Name

       100          0          0          0          0          0   __dclz77c.o
         8          0          0          0          0         68   __main.o
       312          4         17          0          0         92   __printf_flags_wp.o
        14          0          0          0          0         68   __printf_wp.o
         0          0          0          0          0          0   __rtentry.o
        12          0          0          0          0          0   __rtentry2.o
         6          0          0          0          0          0   __rtentry4.o
        52          8          0          0          0          0   __scatter.o
        28          0          0          0          0          0   __scatter_zi.o
        44          0          0          0          0        108   _printf_char.o
        48          6          0          0          0         96   _printf_char_common.o
        36          4          0          0          0         80   _printf_char_file.o
         6          0          0          0          0          0   _printf_d.o
       120         16          0          0          0         92   _printf_dec.o
        88          4         40          0          0         88   _printf_hex_int.o
       178          0          0          0          0         88   _printf_intcommon.o
        78          0          0          0          0        108   _printf_pad.o
         0          0          0          0          0          0   _printf_percent.o
         4          0          0          0          0          0   _printf_percent_end.o
         6          0          0          0          0          0   _printf_s.o
        82          0          0          0          0         80   _printf_str.o
         6          0          0          0          0          0   _printf_x.o
        12          0          0          0          0         72   exit.o
         8          0          0          0          0         68   ferror.o
         6          0          0          0          0        152   heapauxi.o
         2          0          0          0          0          0   libinit.o
         2          0          0          0          0          0   libinit2.o
         2          0          0          0          0          0   libshutdown.o
         2          0          0          0          0          0   libshutdown2.o
         8          4          0          0         96         68   libspace.o
        24          4          0          0          0         84   noretval__2printf.o
         2          0          0          0          0          0   rtexit.o
        10          0          0          0          0          0   rtexit2.o
        62          0          0          0          0         76   strlen.o
        74          0          0          0          0         80   sys_stackheap_outer.o
         2          0          0          0          0         68   use_no_semi.o
         2          0          0          0          0         68   use_no_semi_2.o

    ----------------------------------------------------------------------
      1450         50         58          0         96       1704   Library Totals
         4          0          1          0          0          0   (incl. Padding)

    ----------------------------------------------------------------------

      Code (inc. data)   RO Data    RW Data    ZI Data      Debug   Library Name

      1446         50         57          0         96       1704   c_w.l

    ----------------------------------------------------------------------
      1450         50         58          0         96       1704   Library Totals

    ----------------------------------------------------------------------

==============================================================================


      Code (inc. data)   RO Data    RW Data    ZI Data      Debug   

     16934       1272       2534       2096       1632     316857   Grand Totals
     16934       1272       2534       1408       1632     316857   ELF Image Totals (compressed)
     16934       1272       2534       1408          0          0   ROM Totals

==============================================================================

    Total RO  Size (Code + RO Data)                19468 (  19.01kB)
    Total RW  Size (RW Data + ZI Data)              3728 (   3.64kB)
    Total ROM Size (Code + RO Data + RW Data)      20876 (  20.39kB)

==============================================================================

